10-29 22:27:38.674 29485 29511 E ANDR-VIVO-PERF: IVPerf::tryGetService failed!
10-29 22:27:47.674   704   818 I mtkpower@impl: [powerd_req] TIMER_MSG_PERF_LOCK_TIMEOUT hdl:57490
10-29 22:27:59.674   735  2664 I mtkpower_client: perf_lock_rel, hdl:57589, tid:2664
10-29 22:28:00.823   735  2674 I mtkpower_client: perf_lock_rel, hdl:57604, tid:2674
10-29 22:28:04.674   704   818 I libPowerHal: [PE] (more) /proc/net/wlan/setCAM set +prefix:CAM 1;
10-29 22:28:29.630   704   818 I libPowerHal: [perfLockAcq] idx:1 hdl:57674 hint:25 pid:704 duration:10000 lock_user:mtkpower@1.0-se => ret_hdl:57674
10-29 22:28:29.729   704   818 I libPowerHal: [perfLockRel] hdl:57674, idx:1
10-29 22:28:36.551   996  2942 E fb4a.ClientRankingSignalMigration: ClientRankingSignal is null for edge: -8630073843542667423 and seen state from edge is: 0
10-29 22:28:36.551   996  2942 E fb4a.ClientRankingSignalMigration: java.lang.Exception: ClientRankingSignal is null for edge: -8630073843542667423 and seen state from edge is: 0
10-29 22:28:51.674   996  1483 E BufferQueueProducer: BQDUMP- BufferQueue mMaxAcquiredBufferCount=1 mMaxDequeuedBufferCount=21
10-29 22:28:51.674   996  1483 E BufferQueueProducer: BQDUMP  mDequeueBufferCannotBlock=0 mAsyncMode=0
10-29 22:28:51.674   996  1483 E BufferQueueProducer: BQDUMP  mQueueBufferCanDrop=1 mLegacyBufferDrop=1
10-29 22:28:51.674   996  1483 E BufferQueueProducer: BQDUMP  default-size=[504x896] default-format=1 BQDUMP  transform-hint=00 frame-counter=12
10-29 22:28:51.674   996  1483 E BufferQueueProducer: BQDUMP  mTransformHintInUse=00 mAutoPrerotation=0
10-29 22:28:51.674   996  1483 E BufferQueueProducer: BQDUMPFIFO(1):
10-29 22:28:51.674   996  1483 E BufferQueueProducer: BQDUMP(mConsumerName=SurfaceTexture-0-996-3, mConnectedApi=3, mConsumerUsageBits=256, mId=3e400000009, producer=[996:com.facebook.katana], consumer=[996:com.facebook.katana])
10-29 22:28:51.674   996  1483 E BufferQueueProducer: BQDUMP  11:0xb4000077bfed4ef0 crop=[0,0,432,768] xform=0x00 time=57045.7082 scale=SCALE_TO_WINDOW
10-29 22:28:51.674   996  1483 E BufferQueueProducer: BQDUMPSlots:
10-29 22:28:51.674   996  1483 E BufferQueueProducer: BQDUMP  [00:0xb4000077bfed6d50] state=DEQUEUED 0xb4000077bff0b010 frame=0 [ 432x 768: 448,7F000001]
10-29 22:28:51.674   996  1483 E BufferQueueProducer: BQDUMP  [01:0xb4000077bff0b6d0] state=DEQUEUED 0xb4000077bff16ad0 frame=6 [ 432x 768: 448,32315659]
10-29 22:28:51.674   996  1483 E BufferQueueProducer: BQDUMP >[02:0xb4000077bff0ebb0] state=ACQUIRED 0xb4000077bff17bb0 frame=11 [ 432x 768: 448,32315659]
10-29 22:28:51.674   996  1483 E BufferQueueProducer: BQDUMP  [03:0xb4000077bff35430] state=DEQUEUED 0xb4000077bff32f10 frame=2 [ 432x 768: 448,32315659]
10-29 22:28:51.674   996  1483 E BufferQueueProducer: BQDUMP  
10-29 22:29:21.796  6676  6742 E _V_SensorManager: registerListenerImpl type:1 strType=android.sensor.accelerometer delay:66667 maxLatency:0 by: class android.view.OrientationEventListener$SensorEventListenerImpl num: 0
10-29 22:29:21.990  6676  6742 E _V_SensorManager: registerListenerImpl type:9 strType=android.sensor.gravity delay:200000 maxLatency:0 by: class com.google.android.libraries.lens.view.au.c num: 0
10-29 22:29:22.276  6676  6741 E native  : E1029 22:29:22.276055    6741 view_manager_utils.cc:126] Display geometry has an invalid width: 0
10-29 22:29:25.372  6676  6745 E _V_SensorManager: unregisterListenerImpl listener=com.google.android.libraries.lens.view.au.c@fb9f154sensor=NULL num: 2
10-29 22:29:26.592  6676  6744 E _V_SensorManager: unregisterListenerImpl listener=android.view.OrientationEventListener$SensorEventListenerImpl@8b42536sensor=NULL num: 1
10-29 22:29:40.771  6676  6742 E _V_SensorManager: registerListenerImpl type:1 strType=android.sensor.accelerometer delay:66667 maxLatency:0 by: class android.view.OrientationEventListener$SensorEventListenerImpl num: 0
10-29 22:29:51.418  6676  6742 E _V_SensorManager: unregisterListenerImpl listener=android.view.OrientationEventListener$SensorEventListenerImpl@5c4f87fsensor=NULL num: 1
10-29 22:29:51.674  1781  6958 E VgcUtil : getFile name :theme_dir_pathnot exit in vgc_path_config.xml
10-29 22:30:04.674   735   735 I mtkpower_client: perf_lock_rel, hdl:57955, tid:735
10-29 22:30:09.095  6676  6744 E _V_SensorManager: registerListenerImpl type:1 strType=android.sensor.accelerometer delay:66667 maxLatency:0 by: class android.view.OrientationEventListener$SensorEventListenerImpl num: 0
10-29 22:30:19.472   690   780 E android.hardware.sensors@2.0-service.multihal-mediatek: akm_log setv_acc(720/g) 51, 718, -197 ts 94527546747
10-29 22:30:30.444  6676  6745 E _V_SensorManager: unregisterListenerImpl listener=android.view.OrientationEventListener$SensorEventListenerImpl@cbfd486sensor=NULL num: 1
10-29 22:30:55.187  6676  6744 E _V_SensorManager: registerListenerImpl type:1 strType=android.sensor.accelerometer delay:66667 maxLatency:0 by: class android.view.OrientationEventListener$SensorEventListenerImpl num: 0
10-29 22:31:20.463  6676  6745 E _V_SensorManager: registerListenerImpl type:1 strType=android.sensor.accelerometer delay:66667 maxLatency:0 by: class android.view.OrientationEventListener$SensorEventListenerImpl num: 0
10-29 22:31:29.211  6676  6745 E _V_SensorManager: unregisterListenerImpl listener=android.view.OrientationEventListener$SensorEventListenerImpl@fb393acsensor=NULL num: 1
10-29 22:31:50.674   712   712 E _V_VAF_CONTEXT: vivo_algo_context.cpp:86 getImageModule() getImageModule find Image module 200000000000008 fail
10-29 22:31:50.674   712   712 E _V_VAF_CONTEXT: vivo_algo_context.cpp:86 getImageModule() getImageModule find Image module 200000000000080 fail
10-29 22:31:50.674   712   712 E _V_VAF_CONTEXT: vivo_algo_context.cpp:86 getImageModule() getImageModule find Image module 200000000002000 fail
10-29 22:31:50.674   712   712 E _V_VAF_CONTEXT: vivo_algo_context.cpp:86 getImageModule() getImageModule find Image module 200000000004000 fail
10-29 22:31:50.674   712   712 E _V_VAF_CONTEXT: vivo_algo_context.cpp:86 getImageModule() getImageModule find Image module 200000000010000 fail
10-29 22:31:50.674   712   712 E _V_VAF_CONTEXT: vivo_algo_context.cpp:86 getImageModule() getImageModule find Image module 1000000000000800 fail
10-29 22:31:58.645  6676  6741 E _V_SensorManager: unregisterListenerImpl listener=android.view.OrientationEventListener$SensorEventListenerImpl@850eb1dsensor=NULL num: 1
10-29 22:32:41.674   745   826 E BufferQueueDebug: [SnapshotStartingWindow for taskId=242#0](this:0xb400007a0a5f9960,id:-1,api:0,p:-1,c:-1) id info cannot be read from 'SnapshotStartingWindow for taskId=242#0'
10-29 22:32:46.910   690   780 E android.hardware.sensors@2.0-service.multihal-mediatek: akm_log setv_acc(720/g) 93, 713, -216 ts 94674985053
10-29 22:32:46.923   690   780 E android.hardware.sensors@2.0-service.multihal-mediatek: akm_log setv_mag(uT) 9.462001, -15.912001, 36.565502  ts 94674998587 
10-29 22:33:15.239  6676  6744 E _V_SensorManager: unregisterListenerImpl listener=android.view.OrientationEventListener$SensorEventListenerImpl@dd8c3afsensor=NULL num: 1
10-29 22:33:25.057   735  9674 I mtkpower_client: perf_lock_rel, hdl:58468, tid:9674
10-29 22:33:55.674   686 10246 E mtkpower_client: PowerHal_Wrap_scnReg not support!!!
10-29 22:34:36.912   704   818 I libPowerHal: [perfLockAcq] idx:3 hdl:58674 hint:1157 pid:735 duration:80 lock_user:vperf@1.0-servi => ret_hdl:58674
10-29 22:34:36.993   704   818 I mtkpower@impl: [powerd_req] TIMER_MSG_PERF_LOCK_TIMEOUT hdl:58674
10-29 22:34:36.993   704   818 I libPowerHal: [perfLockRel] hdl:58674, idx:3
10-29 22:34:37.012   735 10821 I mtkpower_client: perf_lock_rel, hdl:58674, tid:10821
10-29 22:34:37.013   704   818 I libPowerHal: [perfLockRel] hdl:58674, idx:-1
10-29 22:35:11.417  1017 23674 E mediaserver: unlinkToDeath: removed reference to death recipient but unlink failed.
10-29 22:35:11.417  1017 23674 E IPCThreadState: attemptIncStrongHandle(12): Not supported
10-29 22:39:11.712  1017 23674 E MetadataRetrieverClient: failed to extract an album art
10-29 22:39:11.728  1017 23674 E MetadataRetrieverClient: failed to extract an album art
10-29 22:39:13.268  1017 23674 E MetadataRetrieverClient: failed to extract an album art
10-29 22:39:15.256  1017 23674 E MetadataRetrieverClient: failed to extract an album art
10-29 22:39:15.310  1017 23674 E MetadataRetrieverClient: failed to extract an album art
10-29 22:39:15.398  1017 23674 E MetadataRetrieverClient: failed to extract an album art
10-29 22:51:12.674   965   982 E _V_vdtf : can not insert to cache because more than 128 in it
10-29 22:55:18.600   690   780 E android.hardware.sensors@2.0-service.multihal-mediatek: akm_log setv_mag(uT) 12.271501, -20.271000, 25.612501  ts 96026674152 
10-29 22:55:19.600   690   780 E android.hardware.sensors@2.0-service.multihal-mediatek: akm_log setv_mag(uT) 12.096001, -20.788500, 25.695002  ts 96027674826 
10-29 22:58:08.674   726   726 E VivoSensorTest: VivoSensorTest bbk_em_sensor_main: ID 0x21 arg1 1 arg2 0 arg3 0
10-29 22:58:08.674   726   726 E _V_VivoSensorTest: bbk_em_sensor_main start type:0x21
10-29 22:58:08.674   726   726 E _V_VivoSensorTest: bbk_em_sensor_main: ID 0x21 args 1 0 0
10-29 22:58:08.674   494   500 E android.system.suspend@1.0-service: Error opening kernel wakelock stats for: wakeup1: Permission denied
10-29 22:58:09.674  3007  8644 E _V_ProxCoverNoticeService: watch view is null, no need to update minimum
10-29 22:58:43.674  1781  1893 E _V_SensorManager: unregisterListenerImpl listener=com.android.server.display.DisplayPowerController$8@5201fdesensor=NULL num: 1
10-29 22:58:59.674  1781  3263 I _V_Telecom: Telecom: PhoneAccountRegistrar: Modify account: [ComponentInfo{com.android.phone/com.android.services.telephony.TelephonyConnectionService}, ***, UserHandle{0}]
10-29 23:00:08.369   690   780 E android.hardware.sensors@2.0-service.multihal-mediatek: akm_log setv_mag(uT) 13.629001, -15.429001, 32.674503  ts 96316442436 
10-29 23:02:07.674  9160  9265 E bt_btm  : system/bt/main/bte_logmsg.cc:201 LogMsg: BTM_BleObserve Observe Already Active
10-29 23:02:07.674   494   500 E android.system.suspend@1.0-service: Error opening kernel wakelock stats for: wakeup133: Permission denied
10-29 23:02:13.674  1781  2444 E DisplayDeviceConfig: requesting nits when no mapping exists.
10-29 23:06:06.199   690   780 E android.hardware.sensors@2.0-service.multihal-mediatek: akm_log setv_mag(uT) 14.322001, -21.646500, 29.341501  ts 96674273713 
10-29 23:12:11.674   735 16475 I mtkpower_client: perf_lock_rel, hdl:59447, tid:16475
10-29 23:12:11.674   704   818 I libPowerHal: [perfLockRel] hdl:59447, idx:-1
10-29 23:39:35.561   674  6167 D _V_vafx_muteframedetect: AudioHwOut session 6, curMuteFrame 0 ms, totalMuteFrame 1053258 ms, normalFrame 17429722 ms
10-29 23:39:36.220   674 15342 D _V_vafx_muteframedetect: AudioHwIn session 0, curMuteFrame 15640 ms, totalMuteFrame 1563360 ms, normalFrame 861140 ms
10-29 23:39:38.240   674 15342 D _V_vafx_muteframedetect: AudioHwIn session 0, curMuteFrame 17660 ms, totalMuteFrame 1565380 ms, normalFrame 861140 ms
10-29 23:39:38.563   674  6167 D _V_vafx_muteframedetect: AudioHwOut session 6, curMuteFrame 0 ms, totalMuteFrame 1053258 ms, normalFrame 17432725 ms
10-29 23:39:40.260   674 15342 D _V_vafx_muteframedetect: AudioHwIn session 0, curMuteFrame 19680 ms, totalMuteFrame 1567400 ms, normalFrame 861140 ms
10-29 23:39:41.566   674  6167 D _V_vafx_muteframedetect: AudioHwOut session 6, curMuteFrame 0 ms, totalMuteFrame 1053258 ms, normalFrame 17435728 ms
10-29 23:39:42.280   674 15342 D _V_vafx_muteframedetect: AudioHwIn session 0, curMuteFrame 840 ms, totalMuteFrame 1569400 ms, normalFrame 861160 ms
10-29 23:39:44.300   674 15342 D _V_vafx_muteframedetect: AudioHwIn session 0, curMuteFrame 2860 ms, totalMuteFrame 1571420 ms, normalFrame 861160 ms
10-29 23:39:44.568   674  6167 D _V_vafx_muteframedetect: AudioHwOut session 6, curMuteFrame 0 ms, totalMuteFrame 1053258 ms, normalFrame 17438730 ms
10-29 23:39:46.321   674 15342 D _V_vafx_muteframedetect: AudioHwIn session 0, curMuteFrame 4880 ms, totalMuteFrame 1573440 ms, normalFrame 861160 ms
10-29 23:39:47.571   674  6167 D _V_vafx_muteframedetect: AudioHwOut session 6, curMuteFrame 0 ms, totalMuteFrame 1053258 ms, normalFrame 17441733 ms
10-29 23:39:48.340   674 15342 D _V_vafx_muteframedetect: AudioHwIn session 0, curMuteFrame 860 ms, totalMuteFrame 1575440 ms, normalFrame 861180 ms
10-30 00:08:08.674   494   500 E android.system.suspend@1.0-service: Error opening kernel wakelock stats for: wakeup1: Permission denied
10-30 00:17:24.851  1017 23674 E mediaserver: unlinkToDeath: removed reference to death recipient but unlink failed.
10-30 00:17:24.851  1017 23674 E IPCThreadState: attemptIncStrongHandle(15): Not supported
10-30 00:39:50.791   674 15342 D _V_vafx_muteframedetect: AudioHwIn session 0, curMuteFrame 20 ms, totalMuteFrame 3736880 ms, normalFrame 2302180 ms
10-30 00:39:51.582   674  6167 D _V_vafx_muteframedetect: AudioHwOut session 6, curMuteFrame 0 ms, totalMuteFrame 1070309 ms, normalFrame 21028682 ms
10-30 00:39:52.811   674 15342 D _V_vafx_muteframedetect: AudioHwIn session 0, curMuteFrame 1400 ms, totalMuteFrame 3738480 ms, normalFrame 2302600 ms
10-30 00:39:54.585   674  6167 D _V_vafx_muteframedetect: AudioHwOut session 6, curMuteFrame 0 ms, totalMuteFrame 1070309 ms, normalFrame 21031685 ms
10-30 00:39:54.831   674 15342 D _V_vafx_muteframedetect: AudioHwIn session 0, curMuteFrame 180 ms, totalMuteFrame 3740440 ms, normalFrame 2302660 ms
10-30 00:39:56.851   674 15342 D _V_vafx_muteframedetect: AudioHwIn session 0, curMuteFrame 280 ms, totalMuteFrame 3742140 ms, normalFrame 2302980 ms
10-30 00:39:57.588   674  6167 D _V_vafx_muteframedetect: AudioHwOut session 6, curMuteFrame 0 ms, totalMuteFrame 1070309 ms, normalFrame 21034688 ms
10-30 00:39:58.872   674 15342 D _V_vafx_muteframedetect: AudioHwIn session 0, curMuteFrame 720 ms, totalMuteFrame 3743720 ms, normalFrame 2303420 ms
10-30 00:40:00.590   674  6167 D _V_vafx_muteframedetect: AudioHwOut session 6, curMuteFrame 0 ms, totalMuteFrame 1070309 ms, normalFrame 21037690 ms
10-30 00:40:00.891   674 15342 D _V_vafx_muteframedetect: AudioHwIn session 0, curMuteFrame 120 ms, totalMuteFrame 3745020 ms, normalFrame 2304140 ms
10-30 01:05:00.674  1781  2738 D _V_VivoPowerManagerService: button light 0 222 trun off
10-30 01:05:02.455   674 15342 D _V_vafx_muteframedetect: AudioHwIn session 0, curMuteFrame 40 ms, totalMuteFrame 4719060 ms, normalFrame 2831660 ms
10-30 01:05:03.674  1781  2073 D _V_VivoPowerManagerService: button light 0 222 trun off
10-30 01:05:04.930   674  6167 D _V_vafx_muteframedetect: AudioHwOut session 6, curMuteFrame 0 ms, totalMuteFrame 1070314 ms, normalFrame 22542021 ms
10-30 01:05:06.535   674 15342 D _V_vafx_muteframedetect: AudioHwIn session 0, curMuteFrame 100 ms, totalMuteFrame 4721640 ms, normalFrame 2833160 ms
10-30 01:05:07.932   674  6167 D _V_vafx_muteframedetect: AudioHwOut session 6, curMuteFrame 0 ms, totalMuteFrame 1070314 ms, normalFrame 22545024 ms
10-30 01:05:09.674   660   927 E netd    : QUERY_RESOLV_NETID command.uid:10010, nid:0
10-30 01:05:10.935   674  6167 D _V_vafx_muteframedetect: AudioHwOut session 6, curMuteFrame 0 ms, totalMuteFrame 1070314 ms, normalFrame 22548026 ms
10-30 01:05:16.675   674 15342 D _V_vafx_muteframedetect: AudioHwIn session 0, curMuteFrame 760 ms, totalMuteFrame 4728780 ms, normalFrame 2836160 ms
10-30 01:05:16.940   674  6167 D _V_vafx_muteframedetect: AudioHwOut session 6, curMuteFrame 0 ms, totalMuteFrame 1070314 ms, normalFrame 22554032 ms
10-30 01:05:19.943   674  6167 D _V_vafx_muteframedetect: AudioHwOut session 6, curMuteFrame 0 ms, totalMuteFrame 1070314 ms, normalFrame 22557034 ms
10-30 01:05:20.674  1781  2738 D _V_VivoPowerManagerService: button light 0 222 trun off
10-30 01:05:25.948   674  6167 D _V_vafx_muteframedetect: AudioHwOut session 6, curMuteFrame 0 ms, totalMuteFrame 1070314 ms, normalFrame 22563040 ms
10-30 01:05:28.795   674 15342 D _V_vafx_muteframedetect: AudioHwIn session 0, curMuteFrame 540 ms, totalMuteFrame 4738880 ms, normalFrame 2838180 ms
10-30 01:05:31.954   674  6167 D _V_vafx_muteframedetect: AudioHwOut session 6, curMuteFrame 0 ms, totalMuteFrame 1070314 ms, normalFrame 22569045 ms
10-30 01:05:32.815   674 15342 D _V_vafx_muteframedetect: AudioHwIn session 0, curMuteFrame 740 ms, totalMuteFrame 4742720 ms, normalFrame 2838360 ms
10-30 01:15:02.674  8597 23187 E SQLiteLog: (284) automatic index on total_opens_grouped(timestamp)
10-30 01:40:03.380   674 15342 D _V_vafx_muteframedetect: AudioHwIn session 0, curMuteFrame 20 ms, totalMuteFrame 6360920 ms, normalFrame 3290720 ms
10-30 01:40:03.804   674  6167 D _V_vafx_muteframedetect: AudioHwOut session 6, curMuteFrame 0 ms, totalMuteFrame 1070314 ms, normalFrame 24640890 ms
10-30 01:40:05.400   674 15342 D _V_vafx_muteframedetect: AudioHwIn session 0, curMuteFrame 40 ms, totalMuteFrame 6362080 ms, normalFrame 3291580 ms
10-30 01:40:06.807   674  6167 D _V_vafx_muteframedetect: AudioHwOut session 6, curMuteFrame 0 ms, totalMuteFrame 1070314 ms, normalFrame 24643893 ms
10-30 01:40:07.480   674 15342 D _V_vafx_muteframedetect: AudioHwIn session 0, curMuteFrame 20 ms, totalMuteFrame 6363340 ms, normalFrame 3292400 ms
10-30 01:40:09.520   674 15342 D _V_vafx_muteframedetect: AudioHwIn session 0, curMuteFrame 20 ms, totalMuteFrame 6364660 ms, normalFrame 3293120 ms
10-30 01:40:09.810   674  6167 D _V_vafx_muteframedetect: AudioHwOut session 6, curMuteFrame 0 ms, totalMuteFrame 1070314 ms, normalFrame 24646896 ms
10-30 01:40:11.540   674 15342 D _V_vafx_muteframedetect: AudioHwIn session 0, curMuteFrame 80 ms, totalMuteFrame 6366100 ms, normalFrame 3293700 ms
10-30 01:40:11.579   738  1236 D _V_vafx_muteframedetect: OutputTrack session 9865, curMuteFrame 128 ms, totalMuteFrame 1692565 ms, normalFrame 7967423 ms
10-30 01:40:12.812   674  6167 D _V_vafx_muteframedetect: AudioHwOut session 6, curMuteFrame 0 ms, totalMuteFrame 1070314 ms, normalFrame 24649898 ms
10-30 01:40:13.560   674 15342 D _V_vafx_muteframedetect: AudioHwIn session 0, curMuteFrame 40 ms, totalMuteFrame 6367460 ms, normalFrame 3294360 ms
10-30 01:40:15.620   674 15342 D _V_vafx_muteframedetect: AudioHwIn session 0, curMuteFrame 20 ms, totalMuteFrame 6368820 ms, normalFrame 3295060 ms
10-30 01:40:15.815   674  6167 D _V_vafx_muteframedetect: AudioHwOut session 6, curMuteFrame 0 ms, totalMuteFrame 1070314 ms, normalFrame 24652901 ms
