10-28 20:17:24.674  1781  1850 D CompatibilityChangeReporter: Compat change id reported: 143937733; UID 10188; state: DISABLED
10-28 20:17:25.458  1781  6630 W _V_PackageManager: setEnabledSetting  packageName:com.facebook.appmanager className:com.facebook.oxygen.appmanager.webinstall.WebInstallAppLinkActivity newState:2 userId:0 callingPackage:null callingUid:10122 callingPid:6746
10-28 20:17:25.459  1781  2073 W _V_PackageManager: setEnabledSetting  packageName:com.facebook.appmanager className:com.facebook.oxygen.appmanager.webinstall.WebInstallAppLinkActivityV2 newState:1 userId:0 callingPackage:null callingUid:10122 callingPid:6746
10-28 20:17:25.465  1781  2453 W _V_PackageManager: setEnabledSetting  packageName:com.facebook.appmanager className:com.facebook.oxygen.appmanager.webinstall.WebInstallActivity newState:2 userId:0 callingPackage:null callingUid:10122 callingPid:6746
10-28 20:17:29.202  6746  7244 E ActivityThread: Failed to find provider info for com.facebook.appmanager.nekodirect
10-28 20:17:34.626  1781  7858 E ActivityManager:   73% 662/zygote: 65% user + 7.8% kernel / faults: 596746 minor
10-28 20:17:34.627  1781  7858 E ActivityManager:   4% 683/android.hardware.graphics.composer@2.1-service: 1.3% user + 2.6% kernel / faults: 674 minor
10-28 20:17:34.627  1781  7858 E ActivityManager:   1.1% 674/android.hardware.audio.service.mediatek: 0.3% user + 0.7% kernel / faults: 1196 minor
10-28 20:17:34.627  1781  7858 E ActivityManager:  +0% 6746/com.facebook.appmanager: 0% user + 0% kernel
10-28 20:18:24.674  1781  3134 E VgcUtil : getFile name :theme_dir_pathnot exit in vgc_path_config.xml
10-28 20:18:26.674  1781  3374 E VgcUtil : getFile name :theme_dir_pathnot exit in vgc_path_config.xml
10-28 20:20:05.674  1781  2074 E VgcUtil : getFile name :theme_dir_pathnot exit in vgc_path_config.xml
10-28 20:29:34.674  1781  6630 E _V_InputMethodManagerService: mCurId=com.google.android.inputmethod.latin/com.android.inputmethod.latin.LatinIME ,mCurMethodId=com.google.android.inputmethod.latin/com.android.inputmethod.latin.LatinIME
10-28 20:50:48.674  1781  1781 E _V_Sensor_NativeNotification: ACTION_BATTERY_CHANGED plugged = 0
10-28 21:08:01.674  1781  1900 E VerityUtils: Failed to measure fs-verity, errno 1: /product/app/YouTube/YouTube.apk
10-28 21:18:35.674  1781  3371 E VgcUtil : getFile name :theme_dir_pathnot exit in vgc_path_config.xml
10-28 23:01:26.674  1781  6967 E _V_InputMethodManagerService: mCurId=com.google.android.inputmethod.latin/com.android.inputmethod.latin.LatinIME ,mCurMethodId=com.google.android.inputmethod.latin/com.android.inputmethod.latin.LatinIME
10-28 23:11:08.674  1781  3263 E _V_InputMethodManagerService: mCurId=com.google.android.inputmethod.latin/com.android.inputmethod.latin.LatinIME ,mCurMethodId=com.google.android.inputmethod.latin/com.android.inputmethod.latin.LatinIME
10-28 23:31:16.674  1781  2089 D _V_VivoPowerManagerService: button light 0 222 trun off
10-28 23:31:20.674  1781  3371 D _V_VivoPowerManagerService: button light 0 222 trun off
10-28 23:31:40.674  1781  1800 D _V_VivoPowerManagerService: button light 0 222 trun off
10-29 01:20:47.674  1781  1839 E VgcUtil : getFile name :theme_dir_pathnot exit in vgc_path_config.xml
10-29 04:03:26.674  1781  3368 E VgcUtil : getFile name :theme_dir_pathnot exit in vgc_path_config.xml
10-29 04:03:33.118 22674 22674 E ActivityThread: Failed to find provider info for com.vivo.vivoalgoservicecontentprovider
10-29 04:03:33.129 22674 22674 E ActivityThread: Failed to find provider info for com.vivo.vivoalgoservicecontentprovider
10-29 04:03:33.371 22674 22674 E _V_ANRManager: mPackageName = com.vivo.gallery, Get anr service = com.vivo.app.anr.IANRManager$Stub$Proxy@769ef0d
10-29 04:48:04.674  1781  5348 E VgcUtil : getFile name :theme_dir_pathnot exit in vgc_path_config.xml
10-29 06:39:31.674  1781  1839 E VgcUtil : getFile name :theme_dir_pathnot exit in vgc_path_config.xml
10-29 07:39:52.674  1781  2738 E _V_InputMethodManagerService: mCurId=com.google.android.inputmethod.latin/com.android.inputmethod.latin.LatinIME ,mCurMethodId=com.google.android.inputmethod.latin/com.android.inputmethod.latin.LatinIME
10-29 07:45:35.254  1781 15182 E ActivityManager:   4.9% 674/android.hardware.audio.service.mediatek: 4% user + 0.8% kernel / faults: 672 minor
10-29 07:48:11.674  1781  3367 E VgcUtil : getFile name :theme_dir_pathnot exit in vgc_path_config.xml
10-29 07:58:18.674  1781  3193 E _V_InputMethodManagerService: mCurId=com.google.android.inputmethod.latin/com.android.inputmethod.latin.LatinIME ,mCurMethodId=com.google.android.inputmethod.latin/com.android.inputmethod.latin.LatinIME
10-29 08:25:27.674  1781  2089 E VgcUtil : getFile name :theme_dir_pathnot exit in vgc_path_config.xml
10-29 08:30:44.674 32090 32090 E VgcUtil : getFile name :theme_dir_pathnot exit in vgc_path_config.xml
10-29 08:42:04.674  1781  2738 E VgcUtil : getFile name :theme_dir_pathnot exit in vgc_path_config.xml
10-29 08:46:23.674  1781  3135 E VgcUtil : getFile name :theme_dir_pathnot exit in vgc_path_config.xml
10-29 08:48:29.674  1781  2444 E DisplayDeviceConfig: requesting nits when no mapping exists.
10-29 08:48:38.674  1781  2444 E DisplayDeviceConfig: requesting nits when no mapping exists.
10-29 09:15:15.674  1781  6971 E VgcUtil : getFile name :theme_dir_pathnot exit in vgc_path_config.xml
10-29 09:30:07.674  1781  2444 E DisplayDeviceConfig: requesting nits when no mapping exists.
10-29 09:39:00.674  1781  2444 E DisplayDeviceConfig: requesting nits when no mapping exists.
10-29 09:50:32.674  1781  2444 E DisplayDeviceConfig: requesting nits when no mapping exists.
10-29 15:24:02.674  1781  3263 D _V_VivoPowerManagerService: button light 0 111 trun off
10-29 16:00:26.674  1781  3325 E VgcUtil : getFile name :theme_dir_pathnot exit in vgc_path_config.xml
10-29 16:00:27.674  1781  2444 E DisplayDeviceConfig: requesting nits when no mapping exists.
10-29 18:29:04.674  1781  3192 E VgcUtil : getFile name :theme_dir_pathnot exit in vgc_path_config.xml
10-29 19:17:49.674  1781  2444 E DisplayDeviceConfig: requesting nits when no mapping exists.
10-29 19:28:00.674  1781  2444 E DisplayDeviceConfig: requesting nits when no mapping exists.
10-29 19:34:50.674  1781  2444 E DisplayDeviceConfig: requesting nits when no mapping exists.
10-29 20:04:33.674  1781  2444 E DisplayDeviceConfig: requesting nits when no mapping exists.
10-29 20:15:41.674  1781  2444 E DisplayDeviceConfig: requesting nits when no mapping exists.
10-29 20:29:02.674  1781  5588 E VgcUtil : getFile name :theme_dir_pathnot exit in vgc_path_config.xml
10-29 21:10:45.116   704   818 I libPowerHal: [perfLockAcq] idx:1 hdl:51674 hint:1159 pid:735 duration:200 lock_user:vperf@1.0-servi => ret_hdl:51674
10-29 21:10:45.317   704   818 I mtkpower@impl: [powerd_req] TIMER_MSG_PERF_LOCK_TIMEOUT hdl:51674
10-29 21:10:45.317   704   818 I libPowerHal: [perfLockRel] hdl:51674, idx:1
10-29 21:10:45.337   735  4480 I mtkpower_client: perf_lock_rel, hdl:51674, tid:4480
10-29 21:10:45.338   704   818 I libPowerHal: [perfLockRel] hdl:51674, idx:-1
10-29 21:11:08.674   735   735 I mtkpower_client: perf_lock_rel, hdl:51788, tid:735
10-29 21:11:08.674   704   818 I libPowerHal: [perfLockRel] hdl:51788, idx:3
10-29 21:13:19.674   704   818 I libPowerHal: [perfLockAcq] idx:3 hdl:52202 hint:1173 pid:735 duration:0 lock_user:vperf@1.0-servi => ret_hdl:52202
10-29 21:15:08.721   735  5674 I mtkpower_client: perf_lock_rel, hdl:52582, tid:5674
10-29 21:15:53.674   704   818 I libPowerHal: [perfLockAcq] idx:1 hdl:52651 hint:1157 pid:735 duration:80 lock_user:vperf@1.0-servi => ret_hdl:52651
10-29 21:15:53.674   704   818 I libPowerHal: 1157: cpu_ctrl set cpu freq: 1000000 -1 1000000 -1
10-29 21:15:58.460   704   818 I libPowerHal: [perfLockAcq] idx:0 hdl:52674 hint:1150 pid:735 duration:2000 lock_user:vperf@1.0-servi => ret_hdl:52674
10-29 21:15:58.638   735   735 I mtkpower_client: perf_lock_rel, hdl:52674, tid:735
10-29 21:15:58.638   704   818 I libPowerHal: [perfLockRel] hdl:52674, idx:0
10-29 21:17:37.674   704   818 I libPowerHal: [perfNotifyAppState] pack:com.facebook.katana, act:com.facebook.katana.LoginActivity, state:0, pid:6395, uid:99910213, fps:60
10-29 21:17:45.618   735  6743 I mtkpower_client: perf_lock_rel, hdl:52932, tid:6743
10-29 21:19:23.674  1781  2738 E VgcUtil : getFile name :theme_dir_pathnot exit in vgc_path_config.xml
10-29 21:19:25.674   660   927 E netd    : QUERY_RESOLV_NETID command.uid:10191, nid:0
10-29 21:21:21.299  7910  8607 E BufferQueueProducer: BQDUMP  [02:0xb4000077bfebe6f0] state=DEQUEUED 0xb4000077bfeb0950 frame=2674 [ 640x 360: 640,32315659]
10-29 21:21:21.300  7910  8607 E BufferQueueProducer: BQDUMP  [02:0xb4000077bfebe6f0] state=DEQUEUED 0xb4000077bfeb0950 frame=2674 [ 640x 360: 640,32315659]
10-29 21:23:23.674  7910  8607 E BufferQueueProducer: [SurfaceView[com.google.android.youtube/com.google.android.apps.youtube.app.watchwhile.WatchWhileActivity]#4(BLAST Consumer)4](id:1ee60000000a,api:3,p:7910,c:7910) waitForFreeSlotThenRelock TIMED_OUT 0
10-29 21:23:50.674  7910  8607 E BufferQueueProducer: BQDUMP- BufferQueue mMaxAcquiredBufferCount=2 mMaxDequeuedBufferCount=21
10-29 21:23:50.674  7910  8607 E BufferQueueProducer: BQDUMP  mDequeueBufferCannotBlock=0 mAsyncMode=0
10-29 21:23:50.674  7910  8607 E BufferQueueProducer: BQDUMP  mQueueBufferCanDrop=0 mLegacyBufferDrop=1
10-29 21:23:50.674  7910  8607 E BufferQueueProducer: BQDUMP  default-size=[640x360] default-format=4 BQDUMP  transform-hint=00 frame-counter=1723
10-29 21:23:50.674  7910  8607 E BufferQueueProducer: BQDUMP  mTransformHintInUse=00 mAutoPrerotation=0
10-29 21:23:50.674  7910  8607 E BufferQueueProducer: BQDUMPFIFO(0):
10-29 21:23:50.674  7910  8607 E BufferQueueProducer: BQDUMP(mConsumerName=SurfaceView[com.google.android.youtube/com.google.android.apps.youtube.app.watchwhile.WatchWhileActivity]#4(BLAST Consumer)4, mConnectedApi=3, mConsumerUsageBits=2304, mId=1ee60000000a, producer=[7910:com.google.android.youtube], consumer=[7910:com.google.android.youtube])
10-29 21:23:50.674  7910  8607 E BufferQueueProducer: BQDUMPSlots:
10-29 21:23:50.674  7910  8607 E BufferQueueProducer: BQDUMP  [00:0xb4000077bfe992b0] state=DEQUEUED 0xb4000077bfe9a030 frame=1714 [ 640x 360: 640,7F000001]
10-29 21:23:50.674  7910  8607 E BufferQueueProducer: BQDUMP  [01:0xb4000077bfe95ef0] state=DEQUEUED 0xb4000077bfe9be90 frame=1701 [ 640x 360: 640,7F000001]
10-29 21:23:50.674  7910  8607 E BufferQueueProducer: BQDUMP  [02:0xb4000077bfe8d6d0] state=DEQUEUED 0xb4000077bfe9bb30 frame=1713 [ 640x 360: 640,7F000001]
10-29 21:23:50.674  7910  8607 E BufferQueueProducer: BQDUMP  [03:0xb4000077bfe9c0d0] state=DEQUEUED 0xb4000077bfea3270 frame=1711
10-29 21:23:50.674  7910  8607 E BufferQueueProducer: Slots:
10-29 21:23:50.674  7910  8607 E BufferQueueProducer: BQDUMP  [00:0xb4000077bfe992b0] state=DEQUEUED 0xb4000077bfe9a030 frame=1714 [ 640x 360: 640,7F000001]
10-29 21:23:50.674  7910  8607 E BufferQueueProducer: BQDUMP  [01:0xb4000077bfe95ef0] state=DEQUEUED 0xb4000077bfe9be90 frame=1701 [ 640x 360: 640,7F000001]
10-29 21:23:50.674  7910  8607 E BufferQueueProducer: BQDUMP  [02:0xb4000077bfe8d6d0] state=DEQUEUED 0xb4000077bfe9bb30 frame=1713 [ 640x 360: 640,7F000001]
10-29 21:23:50.674  7910  8607 E BufferQueueProducer: BQDUMP  [03:0xb4000077bfe9c0d0] state=DEQUEUED 0xb4000077bfea3270 frame=1711 [ 640x 360: 640,7F000001]
10-29 21:23:50.674  7910  8607 E BufferQueueProducer: BQDUMP  [04:0xb4000077bfeac270] state=DEQUEUED 0xb4000077bfe9b470 frame=1716 [ 640x 360: 640,7F000001]
10-29 21:23:50.674  7910  8607 E BufferQueueProducer: BQDUMP  [05:0xb4000077bfea3390] state=DEQUEUED 0xb4000077bfea99f0 frame=1708 [ 640x 360: 640,7F000001]
10-29 21:23:50.674  7910  8607 E BufferQueueProducer: BQDUMP  [06:0xb4000077bfe96a30] state=DEQUEUED 0xb4000077bfea7b90 frame=1709 [ 640x 360: 640,7F000001]
10-29 21:23:50.674  7910  8607 E BufferQueueProducer: BQDUMP  [07:0xb4000077bfeaced0] state=DEQUEUED 0xb4000077bfe96fd0 frame=1706 [ 640x 360: 640,7F000001]
10-29 21:23:50.674  7910  8607 E BufferQueueProducer: BQDUMP  [08:0xb4000077bfeabf10] state=DEQUEUED 0xb4000077bfea90f0 frame=1707 [ 640x 360: 640,7F000001]
10-29 21:23:50.674  7910  8607 E BufferQueueProducer: BQDUMP  [09:0xb4000077bfeab070] state=DEQUEUED 0xb4000077bfe94090 frame=1712 [ 640x 360: 
10-29 21:24:54.674  7910  8607 E BufferQueueProducer: BQDUMP- BufferQueue mMaxAcquiredBufferCount=2 mMaxDequeuedBufferCount=21
10-29 21:24:54.674  7910  8607 E BufferQueueProducer: BQDUMP  mDequeueBufferCannotBlock=0 mAsyncMode=0
10-29 21:24:54.674  7910  8607 E BufferQueueProducer: BQDUMP  mQueueBufferCanDrop=0 mLegacyBufferDrop=1
10-29 21:24:54.674  7910  8607 E BufferQueueProducer: BQDUMP  default-size=[640x360] default-format=4 BQDUMP  transform-hint=00 frame-counter=3643
10-29 21:24:54.674  7910  8607 E BufferQueueProducer: BQDUMP  mTransformHintInUse=00 mAutoPrerotation=0
10-29 21:24:54.674  7910  8607 E BufferQueueProducer: BQDUMPFIFO(0):
10-29 21:24:54.674  7910  8607 E BufferQueueProducer: BQDUMP(mConsumerName=SurfaceView[com.google.android.youtube/com.google.android.apps.youtube.app.watchwhile.WatchWhileActivity]#4(BLAST Consumer)4, mConnectedApi=3, mConsumerUsageBits=2304, mId=1ee60000000a, producer=[7910:com.google.android.youtube], consumer=[7910:com.google.android.youtube])
10-29 21:24:54.674  7910  8607 E BufferQueueProducer: BQDUMPSlots:
10-29 21:24:54.674  7910  8607 E BufferQueueProducer: BQDUMP  [00:0xb4000077bfe992b0] state=DEQUEUED 0xb4000077bfe9a030 frame=3624 [ 640x 360: 640,7F000001]
10-29 21:24:54.674  7910  8607 E BufferQueueProducer: BQDUMP  [01:0xb4000077bfe95ef0] state=DEQUEUED 0xb4000077bfe9be90 frame=3629 [ 640x 360: 640,7F000001]
10-29 21:24:54.674  7910  8607 E BufferQueueProducer: BQDUMP  [02:0xb4000077bfe8d6d0] state=DEQUEUED 0xb4000077bfe9bb30 frame=3636 [ 640x 360: 640,7F000001]
10-29 21:24:54.674  7910  8607 E BufferQueueProducer: BQDUMP  [03:0xb4000077bfe9c0d0] state=DEQUEUED 0xb4000077bfea3270 frame=3640
10-29 21:24:55.710  7910  8607 E BufferQueueProducer: BQDUMP  default-size=[640x360] default-format=4 BQDUMP  transform-hint=00 frame-counter=3674
10-29 21:24:55.710  7910  8607 E BufferQueueProducer: BQDUMP >[09:0xb4000077bfeab070] state=ACQUIRED 0xb4000077bfe94090 frame=3674 [ 640x 360: 
10-29 21:24:55.748  7910  8607 E BufferQueueProducer: BQDUMP >[09:0xb4000077bfeab070] state=ACQUIRED 0xb4000077bfe94090 frame=3674 [ 640x 360: 
10-29 21:24:55.777  7910  8607 E BufferQueueProducer: BQDUMP >[09:0xb4000077bfeab070] state=ACQUIRED 0xb4000077bfe94090 frame=3674 [ 640x 360: 
10-29 21:24:55.909  7910  8607 E BufferQueueProducer: BQDUMP  [09:0xb4000077bfeab070] state=DEQUEUED 0xb4000077bfe94090 frame=3674 [ 640x 360: 
10-29 21:24:56.341  7910  8607 E BufferQueueProducer: BQDUMP  [09:0xb4000077bfeab070] state=DEQUEUED 0xb4000077bfe94090 frame=3674 [ 640x 360: 
10-29 21:24:56.403  7910  8607 E BufferQueueProducer: BQDUMP  [09:0xb4000077bfeab070] state=DEQUEUED 0xb4000077bfe94090 frame=3674 [ 640x 360: 
10-29 21:25:37.371   674   841 E AudioALSAStreamManager: setScreenState, mStreamInVector[0]->getInputFlags() = 0x0
10-29 21:26:40.962   674   841 E AudioALSAStreamManager: setScreenState, mStreamInVector[0]->getInputFlags() = 0x0
10-29 21:26:53.674   704   818 I libPowerHal: [perfLockRel] hdl:53340, idx:3
10-29 21:27:01.674  1081  1081 E ipsec_policy_mont: matchifbyaddr failed
10-29 21:27:01.674  1081  1081 E ipsec_policy_mont: getifbyaddr failed, interface cannot forward
10-29 21:27:13.674  3466  3906 E _V_pem  : readLine /d/fuelsummary/roll_current error:/d/fuelsummary/roll_current: open failed: ENOENT (No such file or directory)
10-29 21:28:22.369   674  6167 E AudioALSAPlaybackHandlerBase: -getHardwareBufferInfo(), pcm_get_htimestamp fail, ret = -1, pcm_get_error =  flag = 0x6
10-29 21:28:22.370   674  6167 E AudioALSAPlaybackHandlerBase: -getHardwareBufferInfo(), pcm_get_htimestamp fail, ret = -1, pcm_get_error =  flag = 0x6
10-29 21:28:22.377   674  6167 E AudioALSAPlaybackHandlerBase: -getHardwareBufferInfo(), pcm_get_htimestamp fail, ret = -1, pcm_get_error =  flag = 0x6
10-29 21:28:22.483   674  6167 E AudioALSAPlaybackHandlerBase: -getHardwareBufferInfo(), pcm_get_htimestamp fail, ret = -1, pcm_get_error =  flag = 0x6
10-29 21:28:22.488   674  6167 E AudioALSAPlaybackHandlerBase: -getHardwareBufferInfo(), pcm_get_htimestamp fail, ret = -1, pcm_get_error =  flag = 0x6
10-29 21:28:23.197  1052 11674 E aao_buf_mgr: [updateInfo]  pAEResult is NULL 
10-29 21:28:23.197  1052 11674 E aao_buf_mgr:  (updateInfo){#617:vendor/mediatek/proprietary/hardware/mtkcam/aaa/source/mt6765/buf_mgr/AAOBufMgr.cpp}
10-29 21:28:23.197  1052 11674 E aao_buf_mgr: [updateInfo] Failed to get FLASHResult for MagicNum(1)
10-29 21:28:23.197  1052 11674 E aao_buf_mgr:  (updateInfo){#625:vendor/mediatek/proprietary/hardware/mtkcam/aaa/source/mt6765/buf_mgr/AAOBufMgr.cpp}
10-29 21:28:23.231  1052 11674 E Hal3ARaw: [setParams] ReqMagic(#3), i4MagicOfLceGainFrame(0), History(#2,#3,#0) (setParams){#1604:vendor/mediatek/proprietary/hardware/mtkcam/aaa/source/mt6765/../isp_40/wrapper/Hal3ARawImp.cpp}
10-29 21:28:23.231  1052 11674 E aao_buf_mgr: [updateInfo]  pAEResult is NULL 
10-29 21:28:23.231  1052 11674 E aao_buf_mgr:  (updateInfo){#617:vendor/mediatek/proprietary/hardware/mtkcam/aaa/source/mt6765/buf_mgr/AAOBufMgr.cpp}
10-29 21:28:23.231  1052 11674 E aao_buf_mgr: [updateInfo] Failed to get FLASHResult for MagicNum(1)
10-29 21:28:23.231  1052 11674 E aao_buf_mgr:  (updateInfo){#625:vendor/mediatek/proprietary/hardware/mtkcam/aaa/source/mt6765/buf_mgr/AAOBufMgr.cpp}
10-29 21:28:23.265  1052 11674 E Hal3ARaw: [setParams] ReqMagic(#4), i4MagicOfLceGainFrame(3), History(#2,#3,#4) (setParams){#1604:vendor/mediatek/proprietary/hardware/mtkcam/aaa/source/mt6765/../isp_40/wrapper/Hal3ARawImp.cpp}
10-29 21:28:23.265  1052 11674 E Hal3ARaw: [setParams] MTK_3A_ISP_LCE_GAIN(1096) (setParams){#1611:vendor/mediatek/proprietary/hardware/mtkcam/aaa/source/mt6765/../isp_40/wrapper/Hal3ARawImp.cpp}
10-29 21:28:23.265  1052 11674 E aao_buf_mgr: [updateInfo]  pAEResult is NULL 
10-29 21:28:23.265  1052 11674 E aao_buf_mgr:  (updateInfo){#617:vendor/mediatek/proprietary/hardware/mtkcam/aaa/source/mt6765/buf_mgr/AAOBufMgr.cpp}
10-29 21:28:23.265  1052 11674 E aao_buf_mgr: [updateInfo] Failed to get FLASHResult for MagicNum(1)
10-29 21:28:23.265  1052 11674 E aao_buf_mgr:  (updateInfo){#625:vendor/mediatek/proprietary/hardware/mtkcam/aaa/source/mt6765/buf_mgr/AAOBufMgr.cpp}
10-29 21:28:23.305  1052 11674 E Hal3ARaw: [setParams] ReqMagic(#5), i4MagicOfLceGainFrame(4), History(#3,#4,#5) (setParams){#1604:vendor/mediatek/proprietary/hardware/mtkcam/aaa/source/mt6765/../isp_40/wrapper/Hal3ARawImp.cpp}
10-29 21:28:23.407   674  6167 E AudioALSAPlaybackHandlerBase: -getHardwareBufferInfo(), pcm_get_htimestamp fail, ret = -1, pcm_get_error =  flag = 0x6
10-29 21:28:23.413   674  6167 E AudioALSAPlaybackHandlerBase: -getHardwareBufferInfo(), pcm_get_htimestamp fail, ret = -1, pcm_get_error =  flag = 0x6
10-29 21:29:19.347   690   780 E android.hardware.sensors@2.0-service.multihal-mediatek: akm_log setv_mag(uT) 6.066000, -20.313000, 36.141003  ts 90867422415 
10-29 21:29:38.298   690   780 E android.hardware.sensors@2.0-service.multihal-mediatek: akm_log setv_acc(720/g) 26, 226, 674 ts 90886371842
10-29 21:30:28.668   690   780 E android.hardware.sensors@2.0-service.multihal-mediatek: akm_log setv_mag(uT) 3.768000, -14.022001, 30.778502  ts 90936742436 
10-29 21:31:06.998   674  6167 E AudioALSAPlaybackHandlerBase: -getHardwareBufferInfo(), pcm_get_htimestamp fail, ret = -1, pcm_get_error =  flag = 0x6
10-29 21:31:07.003   674  6167 E AudioALSAPlaybackHandlerBase: -getHardwareBufferInfo(), pcm_get_htimestamp fail, ret = -1, pcm_get_error =  flag = 0x6
10-29 21:31:10.674   735   735 I mtkpower_client: ret_hdl:53530
10-29 21:32:12.674 13780 13780 E VgcUtil : getFile name :theme_dir_pathnot exit in vgc_path_config.xml
10-29 21:32:26.674  1376  1404 E VoLTE SOC: res:-1, msg=Invalid argument (module/volte//volte_stack/src/soc/soc_api.c:651)
10-29 21:32:26.674  1376  1404 E VoLTE SIPTX: siptx_recv_data_ind_hdlr, SOC_ACCEPT, soc_accept error, err = -1 (module/volte//volte_stack/src/sip/sip_transport.c:4793)
10-29 21:32:42.498   704   818 I libPowerHal: [perfLockAcq] idx:0 hdl:53674 hint:1155 pid:735 duration:2670 lock_user:vperf@1.0-servi => ret_hdl:53674
10-29 21:32:45.168   704   818 I mtkpower@impl: [powerd_req] TIMER_MSG_PERF_LOCK_TIMEOUT hdl:53674
10-29 21:32:45.169   704   818 I libPowerHal: [perfLockRel] hdl:53674, idx:0
10-29 21:32:45.186   735 14436 I mtkpower_client: perf_lock_rel, hdl:53674, tid:14436
10-29 21:32:45.187   704   818 I libPowerHal: [perfLockRel] hdl:53674, idx:-1
10-29 21:33:13.674   704   818 I libPowerHal: [perfLockAcq] idx:1 hdl:53762 hint:25 pid:704 duration:10000 lock_user:mtkpower@1.0-se => ret_hdl:53762
10-29 21:33:13.674   704   818 I libPowerHal: [PE] MTKPOWER_HINT_APP_TOUCH update cmd:3408600 param:1
10-29 21:34:34.674   738  1061 D APM_AudioPolicyManager: getNewOutputDevices selected devices {type:0x2,@:}, mPhoneState 3
10-29 21:34:39.059   674  6167 E AudioALSAPlaybackHandlerBase: -getHardwareBufferInfo(), pcm_get_htimestamp fail, ret = -1, pcm_get_error =  flag = 0x6
10-29 21:34:39.064   674  6167 E AudioALSAPlaybackHandlerBase: -getHardwareBufferInfo(), pcm_get_htimestamp fail, ret = -1, pcm_get_error =  flag = 0x6
10-29 21:34:44.674  8109  8109 E _V_VivoOtherActivityGestureProcessor: QuickStep|endAppToHomeAnim: mCurrentState=STATE_IN_APP, onlyEndWindowAnim=false, mAppToHomeRectAnimEnd=true, !mAppToHomeWallpaperAnimEnd = false,
10-29 21:34:44.674  8109  8109 E _V_VivoOtherActivityGestureProcessor: com.android.quickstep.vivo.gesture.launcher.LauncherInputConsumer$1.test:153 com.android.quickstep.vivo.gesture.launcher.LauncherInputConsumer$1.test:2 com.android.quickstep.vivo.gesture.launcher.LauncherInputConsumer.onMotionEvent:30 com.android.quickstep.RecentsAnimationWrapper.onInputConsumerMotionEvent:84 com.android.quickstep.RecentsAnimationWrapper.onInputConsumerEvent:28 com.android.quickstep.RecentsAnimationWrapper.lambda$MbZzP9YybcLZ0cW6V8GfMl-7u6Q:0 com.android.quickstep.-$$Lambda$RecentsAnimationWrapper$MbZzP9YybcLZ0cW6V8GfMl-7u6Q.onInputEvent:2 com.android.systemui.shared.system.InputConsumerController$InputEventReceiver.onInputEvent:15 
10-29 21:34:58.674  1781  2444 E DisplayDeviceConfig: requesting nits when no mapping exists.
10-29 21:35:01.674   735   806 E ANDR-VPERF-RESOURCEQS: Failed to apply optimization [1, 1]
10-29 21:35:11.674 15448 15448 E YT.mlplayer: MedialibPlayer.stopVideo()
10-29 21:36:06.046 15448 16012 E BufferQueueProducer: BQDUMP  [02:0xb4000077bfe9bd70] state=DEQUEUED 0xb4000077bfe8ed50 frame=1674 [ 640x 360: 640,32315659]
10-29 21:36:06.046 15448 16012 E BufferQueueProducer: BQDUMP  [02:0xb4000077bfe9bd70] state=DEQUEUED 0xb4000077bfe8ed50 frame=1674 [ 640x 360: 640,32315659]
10-29 21:36:06.458 15448 16012 E BufferQueueProducer: BQDUMP  [02:0xb4000077bfe9bd70] state=DEQUEUED 0xb4000077bfe8ed50 frame=1674 [ 640x 360: 640,32315659]
10-29 21:36:06.458 15448 16012 E BufferQueueProducer: BQDUMP  [02:0xb4000077bfe9bd70] state=DEQUEUED 0xb4000077bfe8ed50 frame=1674 [ 640x 360: 640,32315659]
10-29 21:36:46.674  8085  8331 E fb4a.X.4e4: Job failed with an exception, stack: 
10-29 21:36:46.674  8085  8331 E fb4a.X.4e4: X.6ml: Unexpected special floating-point value NaN. By default, non-finite floating point values are prohibited because they do not conform JSON specification. It is possible to deserialize them using 'JsonBuilder.allowSpecialFloatingPointValues = true'
10-29 21:36:46.674  8085  8331 E fb4a.X.4e4: Current output: {"dataList":[{"id":"identity","doubleVal":NaN
10-29 21:36:46.674  8085  8331 E fb4a.X.4e4: 	at X.5Jc.AzZ(Unknown Source:80)
10-29 21:36:46.674  8085  8331 E fb4a.X.4e4: 	at com.facebook.dcp.model.DcpData$$serializer.serialize(Unknown Source:95)
10-29 21:36:46.674  8085  8331 E fb4a.X.4e4: 	at com.facebook.dcp.model.DcpData$$serializer.serialize(:268435458)
10-29 21:36:46.674  8085  8331 E fb4a.X.4e4: 	at X.5Jc.Azi(Unknown Source:88)
10-29 21:36:46.674  8085  8331 E fb4a.X.4e4: 	at X.5Jc.Azh(Unknown Source:11)
10-29 21:36:46.674  8085  8331 E fb4a.X.4e4: 	at X.4mt.serialize(Unknown Source:340)
10-29 21:36:46.674  8085  8331 E fb4a.X.4e4: 	at X.5Jc.Azi(Unknown Source:88)
10-29 21:36:46.674  8085  8331 E fb4a.X.4e4: 	at com.facebook.dcp.model.DcpDataList$$serializer.serialize(Unknown Source:33)
10-29 21:36:46.674  8085  8331 E fb4a.X.4e4: 	at com.facebook.dcp.model.DcpDataList$$serializer.serialize(:268435458)
10-29 21:36:46.674  8085  8331 E fb4a.X.4e4: 	at X.5Jc.Azi(Unknown Source:88)
10-29 21:36:46.674  8085  8331 E fb4a.X.4e4: 	at X.4mZ.A01(Unknown Source:25)
10-29 21:36:46.674  8085  8331 E fb4a.X.4e4: 	at kotlin.jvm.internal.KtLambdaShape1S1210000_I1.invoke(Unknown Source:1781)
10-29 21:36:46.674  8085  8331 E fb4a.X.4e4: 	at X.4mX.A00(Unknown Source:39)
10-29 21:36:46.674  8085  8331 E fb4a.X.4e4: 	at X.4eZ.A01(Unknown Source:27)
10-29 21:36:46.674  8085  8331 E fb4a.X.4e4: 	at kotlin.jvm.internal.KtLambdaShape2S0110000_I1.invoke(Unknown Source:97)
10-29 21:36:46.674  8085  8331 E fb4a.X.4e4: 	at X.4mX.A00(Unknown Source:39)
10-29 21:36:46.674  8085  8331 E fb4a.X.4e4: 	at X.4ea.A02(Unknown Source:20)
10-29 21:36:46.674  8085  8331 E fb4a.X.4e4: 	at com.facebook.dcp.fb4a.DcpAppJob.A02(Unknown Source:456)
10-29 21:36:46.674  8085  8331 E fb4a.X.4e4: 	at X.4DL.A05(Unknown Source:19898)
10-29 21:36:46.674  8085  8331 E fb4a.X.4e4: 	at X.28x.run(Unknown Source:6143)
10-29 21:36:46.674  8085  8331 E fb4a.X.4e4: 	at X.29I.call(Unknown Source:241)
10-29 21:36:46.674  8085  8331 E fb4a.X.4e4: 	at java.util.concurrent.FutureTask.run(FutureTask.java:264)
10-29 21:36:46.674  8085  8331 E fb4a.X.4e4: 	at X.3HR.A00(Unknown Source:19)
10-29 21:36:46.674  8085  8331 E fb4a.X.4e4: 	at X.15r.call(Unknown Source:48)
10-29 21:36:46.674  8085  8331 E fb4a.X.4e4: 	at java.util.concurrent.FutureTask.run(FutureTask.java:264)
10-29 21:36:46.674  8085  8331 E fb4a.X.4e4: 	at X.15P.run(Unknown Source:2)
10-29 21:36:46.674  8085  8331 E fb4a.X.4e4: 	at X.15i.run(Unknown Source:2)
10-29 21:36:46.674  8085  8331 E fb4a.X.4e4: 	at java.util.concurrent.ThreadPoolExecutor.runWorker(ThreadPoolExecutor.java:1137)
10-29 21:36:46.674  8085  8331 E fb4a.X.4e4: 	at java.util.concurrent.ThreadPoolExecutor$Worker.run(ThreadPoolExecutor.java:637)
10-29 21:36:46.674  8085  8331 E fb4a.X.4e4: 	at X.16B.run(Unknown Source:3)
10-29 21:36:46.674  8085  8331 E fb4a.X.4e4: 	at X.16F.run(Unknown Source:14)
10-29 21:36:46.674  8085  8331 E fb4a.X.4e4: 	at java.lang.Thread.run(Thread.java:1012)
10-29 21:38:07.674   704   818 I mtkpower@impl: [powerd_req] TIMER_MSG_PERF_LOCK_TIMEOUT hdl:54216
10-29 21:38:07.674   704   818 I libPowerHal: [perfLockRel] hdl:54216, idx:1
10-29 21:38:26.674   735 17603 I mtkpower_client: perf_lock_rel, hdl:54295, tid:17603
10-29 21:38:38.666   690   780 E android.hardware.sensors@2.0-service.multihal-mediatek: akm_log setv_mag(uT) 8.742001, -16.398001, 36.571503  ts 91426740471 
10-29 21:38:43.674   690   780 E android.hardware.sensors@2.0-service.multihal-mediatek: akm_log setv_acc(720/g) 433, 592, -76 ts 91431747919
10-29 21:40:19.027   674  6167 E AudioALSAPlaybackHandlerBase: -getHardwareBufferInfo(), pcm_get_htimestamp fail, ret = -1, pcm_get_error =  flag = 0x6
10-29 21:40:19.032   674  6167 E AudioALSAPlaybackHandlerBase: -getHardwareBufferInfo(), pcm_get_htimestamp fail, ret = -1, pcm_get_error =  flag = 0x6
10-29 21:40:19.704   674  6167 E AudioALSAPlaybackHandlerBase: -getHardwareBufferInfo(), pcm_get_htimestamp fail, ret = -1, pcm_get_error =  flag = 0x6
10-29 21:40:19.709   674  6167 E AudioALSAPlaybackHandlerBase: -getHardwareBufferInfo(), pcm_get_htimestamp fail, ret = -1, pcm_get_error =  flag = 0x6
10-29 21:40:19.955   674 23394 E AudioALSAStreamManager: routingInputDevice(), ptr is NULL!!
10-29 21:40:59.373   690   780 E android.hardware.sensors@2.0-service.multihal-mediatek: akm_log setv_acc(720/g) 445, 578, -171 ts 91567445048
10-29 21:40:59.415   690   780 E android.hardware.sensors@2.0-service.multihal-mediatek: akm_log setv_mag(uT) 10.798500, -18.603001, 36.605999  ts 91567490534 
10-29 21:41:03.515   674 25114 E AudioALSAPlaybackHandlerBase: -getHardwareBufferInfo(), pcm_get_htimestamp fail, ret = -1, pcm_get_error =  flag = 0x8
10-29 21:41:48.221   690   780 E android.hardware.sensors@2.0-service.multihal-mediatek: akm_log setv_mag(uT) 11.673000, -17.319000, 35.937000  ts 91616295674 
10-29 21:42:09.674   704   818 I libPowerHal: [perfNotifyAppState] pack:com.google.android.gsf, act:com.google.android.gsf, state:3, pid:19253, uid:99910178, fps:-1
10-29 21:42:09.674   704   818 I libPowerHal: [perfNotifyAppState] pack:com.google.android.gsf, pid:19253, STATE_DEAD
10-29 21:42:32.674   704   818 I libPowerHal: [perfLockRel] hdl:54481, idx:6
10-29 21:45:58.674  1781  3368 D _V_VivoPowerManagerService: button light 0 111 trun off
10-29 21:46:00.674  1781  1799 D _V_VivoPowerManagerService: button light 0 111 trun off
10-29 21:46:01.992   674 25114 D _V_vafx_muteframedetect: AudioHwOut session 8, curMuteFrame 0 ms, totalMuteFrame 1658453 ms, normalFrame 6292693 ms
10-29 21:46:05.022   674 25114 D _V_vafx_muteframedetect: AudioHwOut session 8, curMuteFrame 0 ms, totalMuteFrame 1658453 ms, normalFrame 6295722 ms
10-29 21:46:17.139   674 25114 D _V_vafx_muteframedetect: AudioHwOut session 8, curMuteFrame 0 ms, totalMuteFrame 1658453 ms, normalFrame 6307840 ms
10-29 21:47:45.674   704   818 I libPowerHal: [perfLockAcq] idx:2 hdl:54674 hint:1173 pid:735 duration:0 lock_user:vperf@1.0-servi => ret_hdl:54674
10-29 21:47:45.725   735   735 I mtkpower_client: perf_lock_rel, hdl:54674, tid:735
10-29 21:47:45.726   704   818 I libPowerHal: [perfLockRel] hdl:54674, idx:2
10-29 21:48:32.579  1017 23674 E MetadataRetrieverClient: failed to extract an album art
10-29 21:48:55.339   674  6167 E AudioALSAPlaybackHandlerBase: -getHardwareBufferInfo(), pcm_get_htimestamp fail, ret = -1, pcm_get_error =  flag = 0x6
10-29 21:48:55.346   674  6167 E AudioALSAPlaybackHandlerBase: -getHardwareBufferInfo(), pcm_get_htimestamp fail, ret = -1, pcm_get_error =  flag = 0x6
10-29 21:48:55.347   674  6167 E AudioALSAPlaybackHandlerBase: -getHardwareBufferInfo(), pcm_get_htimestamp fail, ret = -1, pcm_get_error =  flag = 0x6
10-29 21:49:08.371   690   780 E android.hardware.sensors@2.0-service.multihal-mediatek: akm_log setv_mag(uT) 11.563499, -17.674501, 36.160503  ts 92056445185 
10-29 21:49:14.400   690   780 E android.hardware.sensors@2.0-service.multihal-mediatek: akm_log setv_mag(uT) 11.338500, -17.772001, 35.674503  ts 92062475180 
10-29 21:49:19.420   690   780 E android.hardware.sensors@2.0-service.multihal-mediatek: akm_log setv_mag(uT) 11.362500, -17.746500, 36.120003  ts 92067495307 
10-29 21:49:59.674   690   780 E android.hardware.sensors@2.0-service.multihal-mediatek: akm_log akl_getv_mag(uT) calimag: 12.179999, 0.660000, -2.700000, Lv: 0
10-29 21:49:59.674   690   780 E android.hardware.sensors@2.0-service.multihal-mediatek: akm_log akl_getv_mag(uT) offset: -3.480000, -19.859999, 39.180000
10-29 21:50:04.674 15346 24465 E wamedia : missing pthread specific data for logger
10-29 21:50:04.674 15346 24465 E wamedia : missing pthread specific data for logger
10-29 21:50:04.674 15346 24465 E wamedia : missing pthread specific data for logger
10-29 21:50:04.674 15346 24465 E wamedia : missing pthread specific data for logger
10-29 21:50:06.674 15346 24465 E wamedia : missing pthread specific data for logger
10-29 21:50:08.674 15346 24465 E wamedia : missing pthread specific data for logger
10-29 21:50:10.674 15346 24465 E wamedia : missing pthread specific data for logger
10-29 21:50:10.674 15346 24465 E wamedia : missing pthread specific data for logger
10-29 21:50:10.674 15346 24465 E wamedia : missing pthread specific data for logger
10-29 21:50:10.674 15346 24465 E wamedia : missing pthread specific data for logger
10-29 21:50:10.674 15346 24465 E wamedia : missing pthread specific data for logger
10-29 21:50:10.674 15346 24465 E wamedia : missing pthread specific data for logger
10-29 21:50:10.674 15346 24465 E wamedia : missing pthread specific data for logger
10-29 21:50:10.674 15346 24465 E wamedia : missing pthread specific data for logger
10-29 21:50:10.674 15346 24465 E wamedia : missing pthread specific data for logger
10-29 21:50:10.674 15346 24465 E wamedia : missing pthread specific data for logger
10-29 21:50:10.674 15346 24465 E wamedia : missing pthread specific data for logger
10-29 21:50:10.674 15346 24465 E wamedia : missing pthread specific data for logger
10-29 21:50:10.674 15346 24465 E wamedia : missing pthread specific data for logger
10-29 21:50:10.674 15346 24465 E wamedia : missing pthread specific data for logger
10-29 21:50:10.674 15346 24465 E wamedia : missing pthread specific data for logger
10-29 21:50:10.674 15346 24465 E wamedia : missing pthread specific data for logger
10-29 21:50:10.674 15346 24465 E wamedia : missing pthread specific data for logger
10-29 21:50:10.674 15346 24465 E wamedia : missing pthread specific data for logger
10-29 21:50:10.674 15346 24465 E wamedia : missing pthread specific data for logger
10-29 21:50:10.674 15346 24465 E wamedia : missing pthread specific data for logger
10-29 21:50:10.674 15346 24465 E wamedia : missing pthread specific data for logger
10-29 21:50:10.674 15346 24465 E wamedia : missing pthread specific data for logger
10-29 21:50:10.674 15346 24465 E wamedia : missing pthread specific data for logger
10-29 21:50:10.674 15346 24465 E wamedia : missing pthread specific data for logger
10-29 21:50:10.674 15346 24465 E wamedia : missing pthread specific data for logger
10-29 21:50:12.674 15346 24465 E wamedia : missing pthread specific data for logger
10-29 21:50:16.674 15346 24465 E wamedia : missing pthread specific data for logger
10-29 21:50:16.674 15346 24465 E wamedia : missing pthread specific data for logger
10-29 21:50:16.674 15346 24465 E wamedia : missing pthread specific data for logger
10-29 21:50:16.674 15346 24465 E wamedia : missing pthread specific data for logger
10-29 21:50:16.674 15346 24465 E wamedia : missing pthread specific data for logger
10-29 21:50:16.674 15346 24465 E wamedia : missing pthread specific data for logger
10-29 21:50:16.674 15346 24465 E wamedia : missing pthread specific data for logger
10-29 21:50:16.674 15346 24465 E wamedia : missing pthread specific data for logger
10-29 21:50:16.674 15346 24465 E wamedia : missing pthread specific data for logger
10-29 21:50:16.674 15346 24465 E wamedia : missing pthread specific data for logger
10-29 21:50:16.674 15346 24465 E wamedia : missing pthread specific data for logger
10-29 21:50:18.674 15346 24465 E wamedia : missing pthread specific data for logger
10-29 21:50:18.674 15346 24465 E wamedia : missing pthread specific data for logger
10-29 21:50:18.674 15346 24465 E wamedia : missing pthread specific data for logger
10-29 21:50:18.674 15346 24465 E wamedia : missing pthread specific data for logger
10-29 21:50:18.674 15346 24465 E wamedia : missing pthread specific data for logger
10-29 21:50:18.674 15346 24465 E wamedia : missing pthread specific data for logger
10-29 21:50:18.674 15346 24465 E wamedia : missing pthread specific data for logger
10-29 21:50:18.674 15346 24465 E wamedia : missing pthread specific data for logger
10-29 21:50:18.674 15346 24465 E wamedia : missing pthread specific data for logger
10-29 21:50:18.674 15346 24465 E wamedia : missing pthread specific data for logger
10-29 21:50:18.674 15346 24465 E wamedia : missing pthread specific data for logger
10-29 21:50:18.674 15346 24465 E wamedia : missing pthread specific data for logger
10-29 21:50:18.674 15346 24465 E wamedia : missing pthread specific data for logger
10-29 21:50:18.674 15346 24465 E wamedia : missing pthread specific data for logger
10-29 21:50:18.674 15346 24465 E wamedia : missing pthread specific data for logger
10-29 21:50:18.674 15346 24465 E wamedia : missing pthread specific data for logger
10-29 21:50:18.674 15346 24465 E wamedia : missing pthread specific data for logger
10-29 21:50:18.674 15346 24465 E wamedia : missing pthread specific data for logger
10-29 21:50:18.674 15346 24465 E wamedia : missing pthread specific data for logger
10-29 21:50:20.674 15346 24465 E wamedia : missing pthread specific data for logger
10-29 21:50:24.674 15346 24465 E wamedia : missing pthread specific data for logger
10-29 21:50:24.674 15346 24465 E wamedia : missing pthread specific data for logger
10-29 21:50:26.674 15346 24465 E wamedia : missing pthread specific data for logger
10-29 21:50:26.674 15346 24465 E wamedia : missing pthread specific data for logger
10-29 21:50:26.674 15346 24465 E wamedia : missing pthread specific data for logger
10-29 21:50:30.674 15346 24465 E wamedia : missing pthread specific data for logger
10-29 21:50:32.674 15346 24465 E wamedia : missing pthread specific data for logger
10-29 21:50:32.674 15346 24465 E wamedia : missing pthread specific data for logger
10-29 21:50:32.674 15346 24465 E wamedia : missing pthread specific data for logger
10-29 21:50:32.674 15346 24465 E wamedia : missing pthread specific data for logger
10-29 21:50:32.674 15346 24465 E wamedia : missing pthread specific data for logger
10-29 21:50:32.674 15346 24465 E wamedia : missing pthread specific data for logger
10-29 21:50:32.674 15346 24465 E wamedia : missing pthread specific data for logger
10-29 21:50:32.674 15346 24465 E wamedia : missing pthread specific data for logger
10-29 21:50:32.674 15346 24465 E wamedia : missing pthread specific data for logger
10-29 21:50:36.674 15346 24465 E wamedia : missing pthread specific data for logger
10-29 21:50:36.674 15346 24465 E wamedia : missing pthread specific data for logger
10-29 21:50:36.674 15346 24465 E wamedia : missing pthread specific data for logger
10-29 21:50:36.674 15346 24465 E wamedia : missing pthread specific data for logger
10-29 21:50:36.674 15346 24465 E wamedia : missing pthread specific data for logger
10-29 21:51:28.140   690   780 E android.hardware.sensors@2.0-service.multihal-mediatek: akm_log setv_mag(uT) 9.717000, -19.674002, 36.616501  ts 92196215303 
10-29 21:52:46.753  1017 23674 E AudioSystem: invalid attributes { Content type: AUDIO_CONTENT_TYPE_UNKNOWN Usage: AUDIO_USAGE_UNKNOWN Source: AUDIO_SOURCE_INVALID Flags: 0x800 Tags:  } when converting to stream
10-29 21:52:48.050  1017 23674 E MetadataRetrieverClient: failed to extract an album art
10-29 21:52:48.358  1017 23674 E MetadataRetrieverClient: failed to extract an album art
10-29 21:52:49.674 25565 25565 E ocess.gservice: Not starting debugger since process cannot load the jdwp agent.
10-29 21:52:49.975   674 25114 E AudioALSAPlaybackHandlerBase: -getHardwareBufferInfo(), pcm_get_htimestamp fail, ret = -1, pcm_get_error =  flag = 0x8
10-29 21:52:53.995   674 23394 E AudioALSAStreamManager: routingInputDevice(), ptr is NULL!!
10-29 21:52:54.456  1017 25674 E AudioTrack: getpackName can't get client name
10-29 21:53:59.674  7059  7424 E BufferQueueProducer: [SurfaceTexture-0-7059-1](id:1b9300000003,api:3,p:7059,c:7059) waitForFreeSlotThenRelock TIMED_OUT 0
10-29 21:54:20.338  7059  7424 E BufferQueueProducer: BQDUMP >[09:0xb4000077bfeeb5d0] state=ACQUIRED 0xb4000077bff361b0 frame=674 [ 768x 432: 768,323156
10-29 21:54:20.377  7059  7424 E BufferQueueProducer: BQDUMP  [09:0xb4000077bfeeb5d0] state=DEQUEUED 0xb4000077bff361b0 frame=674 [ 768x 432: 768,323156
10-29 21:54:20.477  7059  7424 E BufferQueueProducer: BQDUMP  [09:0xb4000077bfeeb5d0] state=DEQUEUED 0xb4000077bff361b0 frame=674 [ 768x 432: 768,323156
10-29 21:54:20.518  7059  7424 E BufferQueueProducer: BQDUMP  [09:0xb4000077bfeeb5d0] state=DEQUEUED 0xb4000077bff361b0 frame=674 [ 768x 432: 768,323156
10-29 21:54:20.902  7059  7424 E BufferQueueProducer: BQDUMP  [09:0xb4000077bfeeb5d0] state=DEQUEUED 0xb4000077bff361b0 frame=674 [ 768x 432: 768,323156
10-29 21:54:20.943  7059  7424 E BufferQueueProducer: BQDUMP  [09:0xb4000077bfeeb5d0] state=DEQUEUED 0xb4000077bff361b0 frame=674 [ 768x 432: 768,323156
10-29 21:54:21.051  7059  7424 E BufferQueueProducer: BQDUMP  [09:0xb4000077bfeeb5d0] state=DEQUEUED 0xb4000077bff361b0 frame=674 [ 768x 432: 768,323156
10-29 21:54:21.112  7059  7424 E BufferQueueProducer: BQDUMP  [09:0xb4000077bfeeb5d0] state=DEQUEUED 0xb4000077bff361b0 frame=674 [ 768x 432: 768,323156
10-29 21:54:21.166  7059  7424 E BufferQueueProducer: BQDUMP  [09:0xb4000077bfeeb5d0] state=DEQUEUED 0xb4000077bff361b0 frame=674 [ 768x 432: 768,323156
10-29 21:54:21.218  7059  7424 E BufferQueueProducer: BQDUMP  [09:0xb4000077bfeeb5d0] state=DEQUEUED 0xb4000077bff361b0 frame=674 [ 768x 432: 768,323156
10-29 21:54:41.674  7059  7424 E BufferQueueProducer: [SurfaceTexture-0-7059-1](id:1b9300000003,api:3,p:7059,c:7059) waitForFreeSlotThenRelock TIMED_OUT 0
10-29 21:55:25.335  7059  7424 E BufferQueueProducer: BQDUMP  20:0xb4000077bff5a990 crop=[0,0,186,426] xform=0x00 time=55039.3674 scale=SCALE_TO_WINDOW
10-29 21:55:29.674  7059  7424 E BufferQueueProducer: [SurfaceTexture-0-7059-4](id:1b9300000009,api:3,p:7059,c:7059) waitForFreeSlotThenRelock TIMED_OUT 0
10-29 21:55:38.521  7059  7424 E BufferQueueProducer: BQDUMP  default-size=[720x1650] default-format=1 BQDUMP  transform-hint=00 frame-counter=674
10-29 21:56:11.637  7059  7424 E BufferQueueProducer: BQDUMP  15:0xb4000077bff1ed50 crop=[0,0,426,240] xform=0x00 time=55085.6749 scale=SCALE_TO_WINDOW
10-29 21:56:19.674  7059  7371 E libprocessgroup: set_timerslack_ns write failed: Operation not permitted
10-29 21:56:34.534   735 26674 I mtkpower_client: perf_lock_rel, hdl:55144, tid:26674
10-29 21:56:44.933   735 26740 I mtkpower_client: perf_lock_rel, hdl:55173, tid:26740
10-29 21:56:44.997  7059 26741 E libprocessgroup: set_timerslack_ns write failed: Operation not permitted
10-29 21:56:45.086   686 26747 E BWC     : MTK_IOC_SMI_BWC_INFO_SET failed.:Inappropriate ioctl for device
10-29 21:56:45.086   686 26747 E BWC     : MTK_IOC_SMI_BWC_INFO_GET failed.:Inappropriate ioctl for device
10-29 21:56:45.088   686 26747 E BWC     : fail to open mem_bw_ctrl driver file
10-29 21:56:45.088   686 26747 E BWC     : Failed to switch EMI profile, error: -1
10-29 21:56:45.088   686 26747 E BWC     : MTK_IOC_SMI_BWC_INFO_SET failed.:Inappropriate ioctl for device
10-29 21:56:45.104   686 26747 E mtkpower_client: PowerHal_Wrap_scnReg not support!!!
10-29 21:56:45.285  7059 26742 E AudioTrack: getpackName can't get client name
10-29 21:56:45.674  7059  7424 E BufferQueueProducer: BQDUMP- BufferQueue mMaxAcquiredBufferCount=1 mMaxDequeuedBufferCount=22
10-29 21:56:45.674  7059  7424 E BufferQueueProducer: BQDUMP  mDequeueBufferCannotBlock=0 mAsyncMode=0
10-29 21:56:45.674  7059  7424 E BufferQueueProducer: BQDUMP  mQueueBufferCanDrop=1 mLegacyBufferDrop=1
10-29 21:56:45.674  7059  7424 E BufferQueueProducer: BQDUMP  default-size=[720x720] default-format=1 BQDUMP  transform-hint=00 frame-counter=8
10-29 21:56:45.674  7059  7424 E BufferQueueProducer: BQDUMP  mTransformHintInUse=00 mAutoPrerotation=0
10-29 21:56:45.674  7059  7424 E BufferQueueProducer: BQDUMPFIFO(1):
10-29 21:56:45.674  7059  7424 E BufferQueueProducer: BQDUMP(mConsumerName=SurfaceTexture-0-7059-14, mConnectedApi=3, mConsumerUsageBits=256, mId=1b930000001f, producer=[7059:com.facebook.katana], consumer=[7059:com.facebook.katana])
10-29 21:56:45.674  7059  7424 E BufferQueueProducer: BQDUMP  07:0xb4000077bff8efb0 crop=[0,0,426,426] xform=0x00 time=55119.7130 scale=SCALE_TO_WINDOW
10-29 21:56:45.674  7059  7424 E BufferQueueProducer: BQDUMPSlots:
10-29 21:56:45.674  7059  7424 E BufferQueueProducer: BQDUMP  [00:0xb4000077bffa9b30] state=DEQUEUED 0xb4000077bffae9f0 frame=2 [ 426x 426: 448,32315659]
10-29 21:56:45.674  7059  7424 E BufferQueueProducer: BQDUMP  [01:0xb4000077bff33150] state=DEQUEUED 0xb4000077bffaa310 frame=1 [ 426x 426: 448,32315659]
10-29 21:56:45.674  7059  7424 E BufferQueueProducer: BQDUMP  [02:0xb4000077bff56bb0] state=DEQUEUED 0xb4000077bff629d0 frame=3 [ 426x 426: 448,32315659]
10-29 21:56:45.674  7059  7424 E BufferQueueProducer: BQDUMP  [03:0xb4000077bffa6650] state=DEQUEUED 0xb4000077bfec2dd0 frame=4 [ 426x 426: 448,32315659]
10-29 21:56:45.674  7059  7424 E BufferQueueProducer: BQDUM
10-29 21:56:49.333  7059  7424 E BufferQueueProducer: BQDUMP  01:0xb4000077bff33150 crop=[0,0,426,426] xform=0x00 time=55123.3674 scale=SCALE_TO_WINDOW
10-29 21:56:49.428  7059  7424 E BufferQueueProducer: BQDUMP  05:0xb4000077bffadeb0 crop=[0,0,426,426] xform=0x00 time=55123.4674 scale=SCALE_TO_WINDOW
10-29 21:56:52.674  7059  7424 E BufferQueueProducer: Slots:
10-29 21:56:52.674  7059  7424 E BufferQueueProducer: BQDUMP  [00:0xb4000077bffae570] state=DEQUEUED 0xb4000077bff58590 frame=9 [ 480x 410: 480,32315659]
10-29 21:56:52.674  7059  7424 E BufferQueueProducer: BQDUMP  [01:0xb4000077bff55ad0] state=DEQUEUED 0xb4000077bff6ccf0 frame=1 [ 480x 410: 480,32315659]
10-29 21:56:52.674  7059  7424 E BufferQueueProducer: BQDUMP  [02:0xb4000077bff51ab0] state=DEQUEUED 0xb4000077bfec6730 frame=10 [ 480x 410: 480,32315659]
10-29 21:56:52.674  7059  7424 E BufferQueueProducer: BQDUMP >[03:0xb4000077bfedfd50] state=ACQUIRED 0xb4000077bff89910 frame=11 [ 480x 410: 480,32315659]
10-29 21:56:52.674  7059  7424 E BufferQueueProducer: BQDUMP  [04:0xb4000077bff926d0] state=QUEUED   0xb4000077bff38a30 frame=12 [ 480x 410: 480,32315659]
10-29 21:56:52.674  7059  7424 E BufferQueueProducer: BQDUMP  [05:0xb4000077bff198f0] state=DEQUEUED 0xb4000077bff55890 frame=0 [ 480x 410: 480,32315659]
10-29 21:56:52.674  7059  7424 E BufferQueueProducer: BQDUMP  [06:0xb4000077bff551d0] state=DEQUEUED 0xb4000077bff86310 frame=0 [ 480x 410: 480,32315659]
10-29 21:56:52.674  7059  7424 E BufferQueueProducer: BQDUMP  [07:0xb4000077bff99ab0] state=DEQUEUED 0xb4000077bffbbe90 frame=2 [ 480x 410: 480,32315659]
10-29 21:56:52.674  7059  7424 E BufferQueueProducer: BQDUMP  [08:0xb4000077bff91830] state=DEQUEUED 0xb4000077bff6bf70 frame=3 [ 480x 410: 480,32315659]
10-29 21:56:52.674  7059  7424 E BufferQueueProducer: BQDUMP  [09:0xb4000077bff8b770] state=DEQUEUED 0xb4000077bff89a30 frame=4 [ 480x 410: 480,32315659]
10-29 21:56:52.674  7059  7424 E BufferQueueProducer: BQDUMP  [10:0
10-29 21:57:04.042  7059  7424 E BufferQueueProducer: BQDUMP  15:0xb4000077bfece530 crop=[0,0,480,410] xform=0x00 time=55138.0674 scale=SCALE_TO_WINDOW
10-29 21:57:15.501  7059  7424 E BufferQueueProducer: BQDUMP  default-size=[720x616] default-format=1 BQDUMP  transform-hint=00 frame-counter=674
10-29 21:58:04.674  7059  7424 E BufferQueueProducer: BQDUMP- BufferQueue mMaxAcquiredBufferCount=1 mMaxDequeuedBufferCount=22
10-29 21:58:04.674  7059  7424 E BufferQueueProducer: BQDUMP  mDequeueBufferCannotBlock=0 mAsyncMode=0
10-29 21:58:04.674  7059  7424 E BufferQueueProducer: BQDUMP  mQueueBufferCanDrop=1 mLegacyBufferDrop=1
10-29 21:58:04.674  7059  7424 E BufferQueueProducer: BQDUMP  default-size=[720x616] default-format=1 BQDUMP  transform-hint=00 frame-counter=2100
10-29 21:58:04.674  7059  7424 E BufferQueueProducer: BQDUMP  mTransformHintInUse=00 mAutoPrerotation=0
10-29 21:58:04.674  7059  7424 E BufferQueueProducer: BQDUMPFIFO(1):
10-29 21:58:04.674  7059  7424 E BufferQueueProducer: BQDUMP(mConsumerName=SurfaceTexture-0-7059-15, mConnectedApi=3, mConsumerUsageBits=256, mId=1b9300000020, producer=[7059:com.facebook.katana], consumer=[7059:com.facebook.katana])
10-29 21:58:04.674  7059  7424 E BufferQueueProducer: BQDUMP  02:0xb4000077bff51ab0 crop=[0,0,480,410] xform=0x00 time=55198.7062 scale=SCALE_TO_WINDOW
10-29 21:58:04.674  7059  7424 E BufferQueueProducer: BQDUMPSlots:
10-29 21:58:04.674  7059  7424 E BufferQueueProducer: BQDUMP  [00:0xb4000077bffae570] state=DEQUEUED 0xb4000077bff58590 frame=2083 [ 480x 410: 480,32315659]
10-29 21:58:04.674  7059  7424 E BufferQueueProducer: BQDUMP  [01:0xb4000077bff55ad0] state=DEQUEUED 0xb4000077bff6ccf0 frame=2088 [ 480x 410: 480,32315659]
10-29 21:58:04.674  7059  7424 E BufferQueueProducer: BQDUMP  [02:0xb4000077bff51ab0] state=QUEUED   0xb4000077bfec6730 frame=2100 [ 480x 410: 480,32315659]
10-29 21:58:04.674  7059  7424 E BufferQueueProducer: BQDUMP >[03:0xb4000077bfedfd50] state=ACQUIRED 0xb4000077bff89910 frame=2099 [ 480x 410: 480,
10-29 21:58:04.674  7059  7424 E BufferQueueProducer: Slots:
10-29 21:58:04.674  7059  7424 E BufferQueueProducer: BQDUMP  [00:0xb4000077bffae570] state=DEQUEUED 0xb4000077bff58590 frame=2083 [ 480x 410: 480,32315659]
10-29 21:58:04.674  7059  7424 E BufferQueueProducer: BQDUMP  [01:0xb4000077bff55ad0] state=DEQUEUED 0xb4000077bff6ccf0 frame=2088 [ 480x 410: 480,32315659]
10-29 21:58:04.674  7059  7424 E BufferQueueProducer: BQDUMP  [02:0xb4000077bff51ab0] state=QUEUED   0xb4000077bfec6730 frame=2100 [ 480x 410: 480,32315659]
10-29 21:58:04.674  7059  7424 E BufferQueueProducer: BQDUMP >[03:0xb4000077bfedfd50] state=ACQUIRED 0xb4000077bff89910 frame=2099 [ 480x 410: 480,32315659]
10-29 21:58:04.674  7059  7424 E BufferQueueProducer: BQDUMP  [04:0xb4000077bff926d0] state=DEQUEUED 0xb4000077bff38a30 frame=2082 [ 480x 410: 480,32315659]
10-29 21:58:04.674  7059  7424 E BufferQueueProducer: BQDUMP  [05:0xb4000077bff198f0] state=DEQUEUED 0xb4000077bff55890 frame=2081 [ 480x 410: 480,32315659]
10-29 21:58:04.674  7059  7424 E BufferQueueProducer: BQDUMP  [06:0xb4000077bff551d0] state=DEQUEUED 0xb4000077bff86310 frame=2089 [ 480x 410: 480,32315659]
10-29 21:58:04.674  7059  7424 E BufferQueueProducer: BQDUMP  [07:0xb4000077bff99ab0] state=DEQUEUED 0xb4000077bffbbe90 frame=2084 [ 480x 410: 480,32315659]
10-29 21:58:04.674  7059  7424 E BufferQueueProducer: BQDUMP  [08:0xb4000077bff91830] state=DEQUEUED 0xb4000077bff6bf70 frame=2087 [ 480x 410: 480,32315659]
