10-29 21:58:04.674  7059  7424 E BufferQueueProducer: BQDUMP  [09:0xb4000077bff8b770] state=DEQUEUED 0xb4000077bff89a30 frame=2091 [ 480x 410: 
10-29 21:58:14.674  7059  7424 E BufferQueueProducer: BQDUMP- BufferQueue mMaxAcquiredBufferCount=1 mMaxDequeuedBufferCount=22
10-29 21:58:14.674  7059  7424 E BufferQueueProducer: BQDUMP  mDequeueBufferCannotBlock=0 mAsyncMode=0
10-29 21:58:14.674  7059  7424 E BufferQueueProducer: BQDUMP  mQueueBufferCanDrop=1 mLegacyBufferDrop=1
10-29 21:58:14.674  7059  7424 E BufferQueueProducer: BQDUMP  default-size=[720x616] default-format=1 BQDUMP  transform-hint=00 frame-counter=2390
10-29 21:58:14.674  7059  7424 E BufferQueueProducer: BQDUMP  mTransformHintInUse=00 mAutoPrerotation=0
10-29 21:58:14.674  7059  7424 E BufferQueueProducer: BQDUMPFIFO(1):
10-29 21:58:14.674  7059  7424 E BufferQueueProducer: BQDUMP(mConsumerName=SurfaceTexture-0-7059-15, mConnectedApi=3, mConsumerUsageBits=256, mId=1b9300000020, producer=[7059:com.facebook.katana], consumer=[7059:com.facebook.katana])
10-29 21:58:14.674  7059  7424 E BufferQueueProducer: BQDUMP  09:0xb4000077bff8b770 crop=[0,0,480,410] xform=0x00 time=55208.7103 scale=SCALE_TO_WINDOW
10-29 21:58:14.674  7059  7424 E BufferQueueProducer: BQDUMPSlots:
10-29 21:58:14.674  7059  7424 E BufferQueueProducer: BQDUMP  [00:0xb4000077bffae570] state=DEQUEUED 0xb4000077bff58590 frame=2384 [ 480x 410: 480,32315659]
10-29 21:58:14.674  7059  7424 E BufferQueueProducer: BQDUMP  [01:0xb4000077bff55ad0] state=DEQUEUED 0xb4000077bff6ccf0 frame=2387 [ 480x 410: 480,32315659]
10-29 21:58:14.674  7059  7424 E BufferQueueProducer: BQDUMP  [02:0xb4000077bff51ab0] state=DEQUEUED 0xb4000077bfec6730 frame=2375 [ 480x 410: 480,32315659]
10-29 21:58:14.674  7059  7424 E BufferQueueProducer: BQDUMP  [03:0xb4000077bfedfd50] state=DEQUEUED 0xb4000077bff89910 frame=2377 [ 480x 410: 480,
10-29 21:58:14.674  7059  7424 E BufferQueueProducer: Slots:
10-29 21:58:14.674  7059  7424 E BufferQueueProducer: BQDUMP  [00:0xb4000077bffae570] state=DEQUEUED 0xb4000077bff58590 frame=2384 [ 480x 410: 480,32315659]
10-29 21:58:14.674  7059  7424 E BufferQueueProducer: BQDUMP  [01:0xb4000077bff55ad0] state=DEQUEUED 0xb4000077bff6ccf0 frame=2387 [ 480x 410: 480,32315659]
10-29 21:58:14.674  7059  7424 E BufferQueueProducer: BQDUMP  [02:0xb4000077bff51ab0] state=DEQUEUED 0xb4000077bfec6730 frame=2375 [ 480x 410: 480,32315659]
10-29 21:58:14.674  7059  7424 E BufferQueueProducer: BQDUMP  [03:0xb4000077bfedfd50] state=DEQUEUED 0xb4000077bff89910 frame=2377 [ 480x 410: 480,32315659]
10-29 21:58:14.674  7059  7424 E BufferQueueProducer: BQDUMP  [04:0xb4000077bff926d0] state=DEQUEUED 0xb4000077bff38a30 frame=2381 [ 480x 410: 480,32315659]
10-29 21:58:14.674  7059  7424 E BufferQueueProducer: BQDUMP  [05:0xb4000077bff198f0] state=DEQUEUED 0xb4000077bff55890 frame=2379 [ 480x 410: 480,32315659]
10-29 21:58:14.674  7059  7424 E BufferQueueProducer: BQDUMP  [06:0xb4000077bff551d0] state=DEQUEUED 0xb4000077bff86310 frame=2388 [ 480x 410: 480,32315659]
10-29 21:58:14.674  7059  7424 E BufferQueueProducer: BQDUMP  [07:0xb4000077bff99ab0] state=DEQUEUED 0xb4000077bffbbe90 frame=2382 [ 480x 410: 480,32315659]
10-29 21:58:14.674  7059  7424 E BufferQueueProducer: BQDUMP  [08:0xb4000077bff91830] state=DEQUEUED 0xb4000077bff6bf70 frame=2386 [ 480x 410: 480,32315659]
10-29 21:58:14.674  7059  7424 E BufferQueueProducer: BQDUMP  [09:0xb4000077bff8b770] state=QUEUED   0xb4000077bff89a30 frame=2390 [ 480x 410: 
10-29 21:58:33.767  7059 26745 E BufferQueueProducer: [SurfaceTexture-0-7059-14](id:1b930000001f,api:3,p:7059,c:7059) detachBuffer: slot 0 is not owned by the producer (state = ACQUIRED)
10-29 21:58:33.773  7059 26745 E BufferQueueProducer: [SurfaceTexture-0-7059-14](id:1b930000001f,api:3,p:7059,c:7059) detachBuffer: slot 23 is not owned by the producer (state = FREE)
10-29 21:59:08.674  7059  7424 E BufferQueueProducer: BQDUMP- BufferQueue mMaxAcquiredBufferCount=1 mMaxDequeuedBufferCount=22
10-29 21:59:08.674  7059  7424 E BufferQueueProducer: BQDUMP  mDequeueBufferCannotBlock=0 mAsyncMode=0
10-29 21:59:08.674  7059  7424 E BufferQueueProducer: BQDUMP  mQueueBufferCanDrop=1 mLegacyBufferDrop=1
10-29 21:59:08.674  7059  7424 E BufferQueueProducer: BQDUMP  default-size=[723x903] default-format=1 BQDUMP  transform-hint=00 frame-counter=3
10-29 21:59:08.674  7059  7424 E BufferQueueProducer: BQDUMP  mTransformHintInUse=00 mAutoPrerotation=0
10-29 21:59:08.674  7059  7424 E BufferQueueProducer: BQDUMPFIFO(1):
10-29 21:59:08.674  7059  7424 E BufferQueueProducer: BQDUMP(mConsumerName=SurfaceTexture-0-7059-18, mConnectedApi=3, mConsumerUsageBits=256, mId=1b9300000026, producer=[7059:com.facebook.katana], consumer=[7059:com.facebook.katana])
10-29 21:59:08.674  7059  7424 E BufferQueueProducer: BQDUMP  04:0xb4000077bffad250 crop=[0,0,512,640] xform=0x00 time=55262.6904 scale=SCALE_TO_WINDOW
10-29 21:59:08.674  7059  7424 E BufferQueueProducer: BQDUMPSlots:
10-29 21:59:08.674  7059  7424 E BufferQueueProducer: BQDUMP  [00:0xb4000077bff9d1d0] state=DEQUEUED 0xb4000077bff99630 frame=0 [ 512x 640: 512,7F000001]
10-29 21:59:08.674  7059  7424 E BufferQueueProducer: BQDUMP  [01:0xb4000077bff631b0] state=DEQUEUED 0xb4000077bffa3710 frame=0 [ 512x 640: 512,32315659]
10-29 21:59:08.674  7059  7424 E BufferQueueProducer: BQDUMP >[02:0xb4000077bff895b0] state=ACQUIRED 0xb4000077bff9f6f0 frame=1 [ 512x 640: 512,32315659]
10-29 21:59:08.674  7059  7424 E BufferQueueProducer: BQDUMP  [03:0xb4000077bffc7290] state=DEQUEUED 0xb4000077bffaed50 frame=2 [ 512x 640: 512,32315659]
10-29 21:59:08.674  7059  7424 E BufferQueueProducer: BQDUM
10-29 21:59:08.674  7059  7424 E BufferQueueProducer: Slots:
10-29 21:59:08.674  7059  7424 E BufferQueueProducer: BQDUMP  [00:0xb4000077bff9d1d0] state=DEQUEUED 0xb4000077bff99630 frame=0 [ 512x 640: 512,7F000001]
10-29 21:59:08.674  7059  7424 E BufferQueueProducer: BQDUMP  [01:0xb4000077bff631b0] state=DEQUEUED 0xb4000077bffa3710 frame=0 [ 512x 640: 512,32315659]
10-29 21:59:08.674  7059  7424 E BufferQueueProducer: BQDUMP >[02:0xb4000077bff895b0] state=ACQUIRED 0xb4000077bff9f6f0 frame=1 [ 512x 640: 512,32315659]
10-29 21:59:08.674  7059  7424 E BufferQueueProducer: BQDUMP  [03:0xb4000077bffc7290] state=DEQUEUED 0xb4000077bffaed50 frame=2 [ 512x 640: 512,32315659]
10-29 21:59:08.674  7059  7424 E BufferQueueProducer: BQDUMP  [04:0xb4000077bffad250] state=QUEUED   0xb4000077bff60ff0 frame=3 [ 512x 640: 512,32315659]
10-29 21:59:08.674  7059  7424 E BufferQueueProducer: BQDUMP  [05:0xb4000077bffb7690] state=DEQUEUED 0xb4000077bfed7bf0 frame=0 [ 512x 640: 512,32315659]
10-29 21:59:08.674  7059  7424 E BufferQueueProducer: BQDUMP  [06:0xb4000077bff4d970] state=DEQUEUED 0xb4000077bff95850 frame=0 [ 512x 640: 512,32315659]
10-29 21:59:08.674  7059  7424 E BufferQueueProducer: BQDUMP  [07:0xb4000077bff3b2b0] state=DEQUEUED 0xb4000077bff373b0 frame=0 [ 512x 640: 512,32315659]
10-29 21:59:08.674  7059  7424 E BufferQueueProducer: BQDUMP  [08:0xb4000077bfedda70] state=DEQUEUED 0xb4000077bff06b70 frame=0 [ 512x 640: 512,32315659]
10-29 21:59:08.674  7059  7424 E BufferQueueProducer: BQDUMP  [09:0xb4000077bffa1c10] state=DEQUEUED 0xb4000077bff92eb0 frame=0 [ 512x 640: 512,32315659]
10-29 21:59:08.674  7059  7424 E BufferQueueProducer: BQDUMP  [10:0xb4
10-29 22:00:30.674  7946  7946 E native  : E1029 22:00:30.674684    7946 touch-center-module.cc:373] [TouchCenter] Can't find key at (72, 234)
10-29 22:02:18.005  7059  7424 E BufferQueueProducer: BQDUMP >[06:0xb4000077bff3dc50] state=ACQUIRED 0xb4000077bffc6ab0 frame=674 [ 426x 368: 448,32315659]
10-29 22:02:18.018  7059  7424 E BufferQueueProducer: BQDUMP >[06:0xb4000077bff3dc50] state=ACQUIRED 0xb4000077bffc6ab0 frame=674 [ 426x 368: 448,32315659]
10-29 22:02:18.047  7059  7424 E BufferQueueProducer: BQDUMP  [06:0xb4000077bff3dc50] state=DEQUEUED 0xb4000077bffc6ab0 frame=674 [ 426x 368: 448,32315659]
10-29 22:02:18.069  7059  7424 E BufferQueueProducer: BQDUMP  [06:0xb4000077bff3dc50] state=DEQUEUED 0xb4000077bffc6ab0 frame=674 [ 426x 368: 448,32315659]
10-29 22:02:18.273  7059  7424 E BufferQueueProducer: BQDUMP  [06:0xb4000077bff3dc50] state=DEQUEUED 0xb4000077bffc6ab0 frame=674 [ 426x 368: 448,32315659]
10-29 22:02:18.327  7059  7424 E BufferQueueProducer: BQDUMP  [06:0xb4000077bff3dc50] state=DEQUEUED 0xb4000077bffc6ab0 frame=674 [ 426x 368: 448,32315659]
10-29 22:02:18.379  7059  7424 E BufferQueueProducer: BQDUMP  [06:0xb4000077bff3dc50] state=DEQUEUED 0xb4000077bffc6ab0 frame=674 [ 426x 368: 448,32315659]
10-29 22:02:18.405  7059  7424 E BufferQueueProducer: BQDUMP  [06:0xb4000077bff3dc50] state=DEQUEUED 0xb4000077bffc6ab0 frame=674 [ 426x 368: 448,32315659]
10-29 22:02:18.642  7059  7424 E BufferQueueProducer: BQDUMP  [06:0xb4000077bff3dc50] state=DEQUEUED 0xb4000077bffc6ab0 frame=674 [ 426x 368: 448,32315659]
10-29 22:02:18.680  7059  7424 E BufferQueueProducer: BQDUMP  [06:0xb4000077bff3dc50] state=DEQUEUED 0xb4000077bffc6ab0 frame=674 [ 426x 368: 448,32315659]
10-29 22:02:18.709  7059  7424 E BufferQueueProducer: BQDUMP  [06:0xb4000077bff3dc50] state=DEQUEUED 0xb4000077bffc6ab0 frame=674 [ 426x 368: 448,32315659]
10-29 22:02:58.839  7059  7424 E BufferQueueProducer: BQDUMP  default-size=[738x405] default-format=1 BQDUMP  transform-hint=00 frame-counter=674
10-29 22:02:58.839  7059  7424 E BufferQueueProducer: BQDUMP  [00:0xb4000077bffbb6b0] state=QUEUED   0xb4000077bffbf370 frame=674 [ 432x 234: 448,32315659]
10-29 22:02:58.839  7059  7424 E BufferQueueProducer: BQDUMP  [00:0xb4000077bffbb6b0] state=QUEUED   0xb4000077bffbf370 frame=674 [ 432x 234: 448,32315659]
10-29 22:05:20.674  7059  7424 E BufferQueueProducer: BQDUMP- BufferQueue mMaxAcquiredBufferCount=1 mMaxDequeuedBufferCount=22
10-29 22:05:20.674  7059  7424 E BufferQueueProducer: BQDUMP  mDequeueBufferCannotBlock=0 mAsyncMode=0
10-29 22:05:20.674  7059  7424 E BufferQueueProducer: BQDUMP  mQueueBufferCanDrop=1 mLegacyBufferDrop=1
10-29 22:05:20.674  7059  7424 E BufferQueueProducer: BQDUMP  default-size=[723x903] default-format=1 BQDUMP  transform-hint=00 frame-counter=84
10-29 22:05:20.674  7059  7424 E BufferQueueProducer: BQDUMP  mTransformHintInUse=00 mAutoPrerotation=0
10-29 22:05:20.674  7059  7424 E BufferQueueProducer: BQDUMPFIFO(1):
10-29 22:05:20.674  7059  7424 E BufferQueueProducer: BQDUMP(mConsumerName=SurfaceTexture-0-7059-32, mConnectedApi=3, mConsumerUsageBits=256, mId=1b9300000044, producer=[7059:com.facebook.katana], consumer=[7059:com.facebook.katana])
10-29 22:05:20.674  7059  7424 E BufferQueueProducer: BQDUMP  15:0xb4000077bffadc70 crop=[0,0,512,640] xform=0x00 time=55634.7066 scale=SCALE_TO_WINDOW
10-29 22:05:20.674  7059  7424 E BufferQueueProducer: BQDUMPSlots:
10-29 22:05:20.674  7059  7424 E BufferQueueProducer: BQDUMP  [00:0xb4000077bffdcf50] state=DEQUEUED 0xb4000077bffba390 frame=0 [ 512x 640: 512,7F000001]
10-29 22:05:20.674  7059  7424 E BufferQueueProducer: BQDUMP  [01:0xb4000077bffba150] state=DEQUEUED 0xb4000077bffafd10 frame=75 [ 512x 640: 512,32315659]
10-29 22:05:20.674  7059  7424 E BufferQueueProducer: BQDUMP  [02:0xb4000077bffcb3d0] state=DEQUEUED 0xb4000077bffd0dd0 frame=80 [ 512x 640: 512,32315659]
10-29 22:05:20.674  7059  7424 E BufferQueueProducer: BQDUMP  [03:0xb4000077bff66d50] state=DEQUEUED 0xb4000077bffde930 frame=74 [ 512x 640: 512,32315659]
10-29 22:05:20.674  7059  7424 E BufferQueueProducer: B
10-29 22:06:38.674  7059  7347 E libprocessgroup: set_timerslack_ns write failed: Operation not permitted
10-29 22:06:38.674  7059  7347 E libprocessgroup: set_timerslack_ns write failed: Operation not permitted
10-29 22:06:38.674  7059  7347 E libprocessgroup: set_timerslack_ns write failed: Operation not permitted
10-29 22:06:38.674  7059  7371 E libprocessgroup: set_timerslack_ns write failed: Operation not permitted
10-29 22:06:46.441   704   818 I libPowerHal: [perfLockAcq] idx:2 hdl:55674 hint:1157 pid:735 duration:80 lock_user:vperf@1.0-servi => ret_hdl:55674
10-29 22:06:46.522   704   818 I mtkpower@impl: [powerd_req] TIMER_MSG_PERF_LOCK_TIMEOUT hdl:55674
10-29 22:06:46.522   704   818 I libPowerHal: [perfLockRel] hdl:55674, idx:2
10-29 22:06:46.542   735 28232 I mtkpower_client: perf_lock_rel, hdl:55674, tid:28232
10-29 22:06:46.543   704   818 I libPowerHal: [perfLockRel] hdl:55674, idx:-1
10-29 22:07:17.674  7059  7059 E fb4a.FbUserSessionLithoUtil: Cannot find user session in tree props
10-29 22:07:41.674  7059  7059 E fb4a.FbUserSessionLithoUtil: Cannot find user session in tree props
10-29 22:07:45.674  7059  7424 E BufferQueueProducer: BQDUMP- BufferQueue mMaxAcquiredBufferCount=1 mMaxDequeuedBufferCount=22
10-29 22:07:45.674  7059  7424 E BufferQueueProducer: BQDUMP  mDequeueBufferCannotBlock=0 mAsyncMode=0
10-29 22:07:45.674  7059  7424 E BufferQueueProducer: BQDUMP  mQueueBufferCanDrop=1 mLegacyBufferDrop=1
10-29 22:07:45.674  7059  7424 E BufferQueueProducer: BQDUMP  default-size=[722x406] default-format=1 BQDUMP  transform-hint=00 frame-counter=122
10-29 22:07:45.674  7059  7424 E BufferQueueProducer: BQDUMP  mTransformHintInUse=00 mAutoPrerotation=0
10-29 22:07:45.674  7059  7424 E BufferQueueProducer: BQDUMPFIFO(1):
10-29 22:07:45.674  7059  7424 E BufferQueueProducer: BQDUMP(mConsumerName=SurfaceTexture-0-7059-48, mConnectedApi=3, mConsumerUsageBits=256, mId=1b9300000064, producer=[7059:com.facebook.katana], consumer=[7059:com.facebook.katana])
10-29 22:07:45.674  7059  7424 E BufferQueueProducer: BQDUMP  06:0xb4000077bffd3d10 crop=[0,0,960,540] xform=0x00 time=55779.6956 scale=SCALE_TO_WINDOW
10-29 22:07:45.674  7059  7424 E BufferQueueProducer: BQDUMPSlots:
10-29 22:07:45.674  7059  7424 E BufferQueueProducer: BQDUMP  [00:0xb4000077bfe646f0] state=DEQUEUED 0xb4000077bffc6870 frame=117 [ 960x 540: 960,32315659]
10-29 22:07:45.674  7059  7424 E BufferQueueProducer: BQDUMP  [01:0xb4000077bffd6a10] state=DEQUEUED 0xb4000077bffd8630 frame=116 [ 960x 540: 960,32315659]
10-29 22:07:45.674  7059  7424 E BufferQueueProducer: BQDUMP  [02:0xb4000077bffbd510] state=DEQUEUED 0xb4000077bffe4b10 frame=118 [ 960x 540: 960,32315659]
10-29 22:07:45.674  7059  7424 E BufferQueueProducer: BQDUMP  [03:0xb4000077bffa0230] state=DEQUEUED 0xb4000077bffec6d0 frame=119 [ 960x 540: 960,32315
10-29 22:07:45.674  7059  7424 E BufferQueueProducer: Slots:
10-29 22:07:45.674  7059  7424 E BufferQueueProducer: BQDUMP  [00:0xb4000077bfe646f0] state=DEQUEUED 0xb4000077bffc6870 frame=117 [ 960x 540: 960,32315659]
10-29 22:07:45.674  7059  7424 E BufferQueueProducer: BQDUMP  [01:0xb4000077bffd6a10] state=DEQUEUED 0xb4000077bffd8630 frame=116 [ 960x 540: 960,32315659]
10-29 22:07:45.674  7059  7424 E BufferQueueProducer: BQDUMP  [02:0xb4000077bffbd510] state=DEQUEUED 0xb4000077bffe4b10 frame=118 [ 960x 540: 960,32315659]
10-29 22:07:45.674  7059  7424 E BufferQueueProducer: BQDUMP  [03:0xb4000077bffa0230] state=DEQUEUED 0xb4000077bffec6d0 frame=119 [ 960x 540: 960,32315659]
10-29 22:07:45.674  7059  7424 E BufferQueueProducer: BQDUMP  [04:0xb4000077bff3bdf0] state=DEQUEUED 0xb4000077bffac4d0 frame=120 [ 960x 540: 960,32315659]
10-29 22:07:45.674  7059  7424 E BufferQueueProducer: BQDUMP >[05:0xb4000077bffeca30] state=ACQUIRED 0xb4000077bffc1770 frame=121 [ 960x 540: 960,32315659]
10-29 22:07:45.674  7059  7424 E BufferQueueProducer: BQDUMP  [06:0xb4000077bffd3d10] state=QUEUED   0xb4000077bfeb3e30 frame=122 [ 960x 540: 960,32315659]
10-29 22:07:45.674  7059  7424 E BufferQueueProducer: BQDUMP  [07:0xb4000077bffe11b0] state=DEQUEUED 0xb4000077bff8c3d0 frame=100 [ 960x 540: 960,32315659]
10-29 22:07:45.674  7059  7424 E BufferQueueProducer: BQDUMP  [08:0xb4000077bfed17d0] state=DEQUEUED 0xb4000077bff2b350 frame=101 [ 960x 540: 960,32315659]
10-29 22:07:45.674  7059  7424 E BufferQueueProducer: BQDUMP  [09:0xb4000077bffd7e50] state=DEQUEUED 0xb4000077bff198f0 frame=102 [ 960x 540: 960,323156
10-29 22:07:55.674   704   818 I libPowerHal: [perfLockAcq] idx:3 hdl:55807 hint:1157 pid:735 duration:80 lock_user:vperf@1.0-servi => ret_hdl:55807
10-29 22:08:06.674   704   818 I libPowerHal: [perfNotifyAppState] pack:com.whatsapp, act:com.whatsapp.HomeActivity, state:1, pid:28924, uid:10226, fps:60
10-29 22:09:11.674   660   927 E netd    : QUERY_RESOLV_NETID command.uid:99910213, nid:0
10-29 22:10:45.693 30089 30532 E BufferQueueProducer: BQDUMP >[01:0xb4000077bfe9a030] state=ACQUIRED 0xb4000077bfea36f0 frame=674 [ 426x 240: 448,32315659]
10-29 22:10:45.693 30089 30532 E BufferQueueProducer: BQDUMP >[01:0xb4000077bfe9a030] state=ACQUIRED 0xb4000077bfea36f0 frame=674 [ 426x 240: 448,32315659]
10-29 22:10:45.830 30089 30532 E BufferQueueProducer: BQDUMP  [01:0xb4000077bfe9a030] state=DEQUEUED 0xb4000077bfea36f0 frame=674 [ 426x 240: 448,32315659]
10-29 22:10:45.830 30089 30532 E BufferQueueProducer: BQDUMP  [01:0xb4000077bfe9a030] state=DEQUEUED 0xb4000077bfea36f0 frame=674 [ 426x 240: 448,32315659]
10-29 22:11:35.396 30089 30532 E BufferQueueProducer: BQDUMP >[07:0xb4000077bfeb54b0] state=ACQUIRED 0xb4000077bfeae790 frame=674 [ 426x 240: 448,32315659]
10-29 22:11:35.638 30089 30532 E BufferQueueProducer: BQDUMP  [07:0xb4000077bfeb54b0] state=DEQUEUED 0xb4000077bfeae790 frame=674 [ 426x 240: 448,32315659]
10-29 22:11:35.659 30089 30532 E BufferQueueProducer: BQDUMP  [07:0xb4000077bfeb54b0] state=DEQUEUED 0xb4000077bfeae790 frame=674 [ 426x 240: 448,32315659]
10-29 22:11:35.674 30089 30532 E BufferQueueProducer: [SurfaceView[com.google.android.youtube/com.google.android.apps.youtube.app.watchwhile.WatchWhileActivity]#4(BLAST Consumer)4](id:75890000000b,api:3,p:30089,c:30089) waitForFreeSlotThenRelock TIMED_OUT 0
10-29 22:11:35.675 30089 30532 E BufferQueueProducer: BQDUMP  [07:0xb4000077bfeb54b0] state=DEQUEUED 0xb4000077bfeae790 frame=674 [ 426x 240: 448,32315659]
10-29 22:11:35.739 30089 30532 E BufferQueueProducer: BQDUMP  [07:0xb4000077bfeb54b0] state=DEQUEUED 0xb4000077bfeae790 frame=674 [ 426x 240: 448,32315659]
10-29 22:11:47.674 30089 30532 E BufferQueueProducer: [SurfaceView[com.google.android.youtube/com.google.android.apps.youtube.app.watchwhile.WatchWhileActivity]#5(BLAST Consumer)5](id:75890000000d,api:3,p:30089,c:30089) waitForFreeSlotThenRelock TIMED_OUT 0
10-29 22:12:01.927 30089 30532 E BufferQueueProducer: BQDUMP  [06:0xb4000077bfeb6b30] state=DEQUEUED 0xb4000077bfe5e1b0 frame=674 [ 640x 360: 640,32315659]
10-29 22:12:02.061 30089 30532 E BufferQueueProducer: BQDUMP  [06:0xb4000077bfeb6b30] state=DEQUEUED 0xb4000077bfe5e1b0 frame=674 [ 640x 360: 640,32315659]
10-29 22:12:02.494 30089 30532 E BufferQueueProducer: BQDUMP  [06:0xb4000077bfeb6b30] state=DEQUEUED 0xb4000077bfe5e1b0 frame=674 [ 640x 360: 640,32315659]
10-29 22:13:22.674 30089 30532 E BufferQueueProducer: Slots:
10-29 22:13:22.674 30089 30532 E BufferQueueProducer: BQDUMP  [00:0xb4000077bfe53b30] state=DEQUEUED 0xb4000077bfe64b70 frame=3078 [ 640x 360: 640,32315659]
10-29 22:13:22.674 30089 30532 E BufferQueueProducer: BQDUMP  [01:0xb4000077bfea2bb0] state=DEQUEUED 0xb4000077bfeabbb0 frame=3081 [ 640x 360: 640,32315659]
10-29 22:13:22.674 30089 30532 E BufferQueueProducer: BQDUMP  [02:0xb4000077bfe6b650] state=DEQUEUED 0xb4000077bfeb54b0 frame=3085 [ 640x 360: 640,32315659]
10-29 22:13:22.674 30089 30532 E BufferQueueProducer: BQDUMP  [03:0xb4000077bfe5b270] state=DEQUEUED 0xb4000077bfe4c2d0 frame=3086 [ 640x 360: 640,32315659]
10-29 22:13:22.674 30089 30532 E BufferQueueProducer: BQDUMP  [04:0xb4000077bfebac70] state=DEQUEUED 0xb4000077bfeb6230 frame=3087 [ 640x 360: 640,32315659]
10-29 22:13:22.674 30089 30532 E BufferQueueProducer: BQDUMP  [05:0xb4000077bfebc2f0] state=DEQUEUED 0xb4000077bfeb7f70 frame=3088 [ 640x 360: 640,32315659]
10-29 22:13:22.674 30089 30532 E BufferQueueProducer: BQDUMP  [06:0xb4000077bfeb6b30] state=DEQUEUED 0xb4000077bfe5e1b0 frame=3089 [ 640x 360: 640,32315659]
10-29 22:13:22.674 30089 30532 E BufferQueueProducer: BQDUMP >[07:0xb4000077bfec3eb0] state=ACQUIRED 0xb4000077bfe576d0 frame=3090 [ 640x 360: 640,32315659]
10-29 22:13:22.674 30089 30532 E BufferQueueProducer: BQDUMP >[08:0xb4000077bfead230] state=ACQUIRED 0xb4000077bfec52f0 frame=3091 [ 640x 360: 640,32315659]
10-29 22:13:22.674 30089 30532 E BufferQueueProducer: BQDUMP >[09:0xb4000077bfe8c830] state=ACQUIRED 0xb4000077bfea8d90 frame=3092 [ 640x 360: 
10-29 22:14:16.107 30089 30532 E BufferQueueProducer: BQDUMP  [04:0xb4000077bfebac70] state=DEQUEUED 0xb4000077bfeb6230 frame=4674 [ 640x 360: 640,32315659]
10-29 22:14:34.786 30089 30528 D PipelineWatcher: onWorkDone: frameIndex not found (18446744073709551615); ignored
10-29 22:14:34.823 30089 30528 D PipelineWatcher: onWorkDone: frameIndex not found (18446744073709551615); ignored
10-29 22:15:23.125 30089 30532 E BufferQueueProducer: BQDUMP  [03:0xb4000077bfe5b270] state=DEQUEUED 0xb4000077bfe4c2d0 frame=6674 [ 640x 360: 640,32315659]
10-29 22:15:25.034 30089 30532 E BufferQueueProducer: BQDUMP  default-size=[640x360] default-format=4 BQDUMP  transform-hint=00 frame-counter=6749
10-29 22:15:25.034 30089 30532 E BufferQueueProducer: BQDUMP  [02:0xb4000077bfe6b650] state=DEQUEUED 0xb4000077bfeb54b0 frame=6742 [ 640x 360: 640,32315659]
10-29 22:15:25.035 30089 30532 E BufferQueueProducer: BQDUMP  [02:0xb4000077bfe6b650] state=DEQUEUED 0xb4000077bfeb54b0 frame=6742 [ 640x 360: 640,32315659]
10-29 22:15:25.035 30089 30532 E BufferQueueProducer: BQDUMP  [03:0xb4000077bfe5b270] state=DEQUEUED 0xb4000077bfe4c2d0 frame=6743 [ 640x 360: 640,32315659]
10-29 22:15:25.035 30089 30532 E BufferQueueProducer: BQDUMP  [04:0xb4000077bfebac70] state=DEQUEUED 0xb4000077bfeb6230 frame=6744 [ 640x 360: 640,32315659]
10-29 22:15:25.035 30089 30532 E BufferQueueProducer: BQDUMP  [05:0xb4000077bfebc2f0] state=DEQUEUED 0xb4000077bfeb7f70 frame=6745 [ 640x 360: 640,32315659]
10-29 22:15:25.035 30089 30532 E BufferQueueProducer: BQDUMP  [06:0xb4000077bfeb6b30] state=DEQUEUED 0xb4000077bfe5e1b0 frame=6746 [ 640x 360: 640,32315659]
10-29 22:15:25.035 30089 30532 E BufferQueueProducer: BQDUMP >[07:0xb4000077bfec3eb0] state=ACQUIRED 0xb4000077bfe576d0 frame=6748 [ 640x 360: 640,32315659]
10-29 22:15:25.035 30089 30532 E BufferQueueProducer: BQDUMP >[08:0xb4000077bfead230] state=ACQUIRED 0xb4000077bfec52f0 frame=6747 [ 640x 360: 640,32315659]
10-29 22:16:02.674 30089 30532 E BufferQueueProducer: Slots:
10-29 22:16:02.674 30089 30532 E BufferQueueProducer: BQDUMP  [00:0xb4000077bfe53b30] state=DEQUEUED 0xb4000077bfe64b70 frame=7862 [ 640x 360: 640,32315659]
10-29 22:16:02.674 30089 30532 E BufferQueueProducer: BQDUMP  [01:0xb4000077bfea2bb0] state=DEQUEUED 0xb4000077bfeabbb0 frame=7864 [ 640x 360: 640,32315659]
10-29 22:16:02.674 30089 30532 E BufferQueueProducer: BQDUMP  [02:0xb4000077bfe6b650] state=DEQUEUED 0xb4000077bfeb54b0 frame=7869 [ 640x 360: 640,32315659]
10-29 22:16:02.674 30089 30532 E BufferQueueProducer: BQDUMP  [03:0xb4000077bfe5b270] state=DEQUEUED 0xb4000077bfe4c2d0 frame=7870 [ 640x 360: 640,32315659]
10-29 22:16:02.674 30089 30532 E BufferQueueProducer: BQDUMP  [04:0xb4000077bfebac70] state=DEQUEUED 0xb4000077bfeb6230 frame=7871 [ 640x 360: 640,32315659]
10-29 22:16:02.674 30089 30532 E BufferQueueProducer: BQDUMP >[05:0xb4000077bfebc2f0] state=ACQUIRED 0xb4000077bfeb7f70 frame=7873 [ 640x 360: 640,32315659]
10-29 22:16:02.674 30089 30532 E BufferQueueProducer: BQDUMP >[06:0xb4000077bfeb6b30] state=ACQUIRED 0xb4000077bfe5e1b0 frame=7872 [ 640x 360: 640,32315659]
10-29 22:16:02.674 30089 30532 E BufferQueueProducer: BQDUMP >[07:0xb4000077bfec3eb0] state=ACQUIRED 0xb4000077bfe576d0 frame=7874 [ 640x 360: 640,32315659]
10-29 22:16:02.674 30089 30532 E BufferQueueProducer: BQDUMP  [08:0xb4000077bfead230] state=DEQUEUED 0xb4000077bfec52f0 frame=7852 [ 640x 360: 640,32315659]
10-29 22:16:02.674 30089 30532 E BufferQueueProducer: BQDUMP  [09:0xb4000077bfe8c830] state=DEQUEUED 0xb4000077bfea8d90 frame=7854 [ 640x 360: 
10-29 22:16:20.674 30089 30532 E BufferQueueProducer: [SurfaceView[com.google.android.youtube/com.google.android.apps.youtube.app.watchwhile.WatchWhileActivity]#5(BLAST Consumer)5](id:75890000000d,api:3,p:30089,c:30089) waitForFreeSlotThenRelock TIMED_OUT 0
10-29 22:16:29.756 30089 30532 E BufferQueueProducer: BQDUMP  [02:0xb4000077bfe6b650] state=DEQUEUED 0xb4000077bfeb54b0 frame=8674 [ 640x 360: 640,32315659]
10-29 22:16:29.756 30089 30532 E BufferQueueProducer: BQDUMP  [02:0xb4000077bfe6b650] state=DEQUEUED 0xb4000077bfeb54b0 frame=8674 [ 640x 360: 640,32315659]
10-29 22:16:29.857 30089 30532 E BufferQueueProducer: BQDUMP  [02:0xb4000077bfe6b650] state=DEQUEUED 0xb4000077bfeb54b0 frame=8674 [ 640x 360: 640,32315659]
10-29 22:16:29.857 30089 30532 E BufferQueueProducer: BQDUMP  [02:0xb4000077bfe6b650] state=DEQUEUED 0xb4000077bfeb54b0 frame=8674 [ 640x 360: 640,32315659]
10-29 22:16:29.927 30089 30532 E BufferQueueProducer: BQDUMP  [02:0xb4000077bfe6b650] state=DEQUEUED 0xb4000077bfeb54b0 frame=8674 [ 640x 360: 640,32315659]
10-29 22:16:29.927 30089 30532 E BufferQueueProducer: BQDUMP  [02:0xb4000077bfe6b650] state=DEQUEUED 0xb4000077bfeb54b0 frame=8674 [ 640x 360: 640,32315659]
10-29 22:16:30.151 30089 30532 E BufferQueueProducer: BQDUMP  [02:0xb4000077bfe6b650] state=DEQUEUED 0xb4000077bfeb54b0 frame=8674 [ 640x 360: 640,32315659]
10-29 22:16:30.152 30089 30532 E BufferQueueProducer: BQDUMP  [02:0xb4000077bfe6b650] state=DEQUEUED 0xb4000077bfeb54b0 frame=8674 [ 640x 360: 640,32315659]
10-29 22:17:02.907 30089 30532 E BufferQueueProducer: BQDUMP  default-size=[640x360] default-format=4 BQDUMP  transform-hint=00 frame-counter=9674
10-29 22:18:03.674 30089 30532 E BufferQueueProducer: BQDUMP- BufferQueue mMaxAcquiredBufferCount=2 mMaxDequeuedBufferCount=21
10-29 22:18:03.674 30089 30532 E BufferQueueProducer: BQDUMP  mDequeueBufferCannotBlock=0 mAsyncMode=0
10-29 22:18:03.674 30089 30532 E BufferQueueProducer: BQDUMP  mQueueBufferCanDrop=0 mLegacyBufferDrop=1
10-29 22:18:03.674 30089 30532 E BufferQueueProducer: BQDUMP  default-size=[640x360] default-format=4 BQDUMP  transform-hint=00 frame-counter=11490
10-29 22:18:03.674 30089 30532 E BufferQueueProducer: BQDUMP  mTransformHintInUse=00 mAutoPrerotation=0
10-29 22:18:03.674 30089 30532 E BufferQueueProducer: BQDUMPFIFO(0):
10-29 22:18:03.674 30089 30532 E BufferQueueProducer: BQDUMP(mConsumerName=SurfaceView[com.google.android.youtube/com.google.android.apps.youtube.app.watchwhile.WatchWhileActivity]#5(BLAST Consumer)5, mConnectedApi=3, mConsumerUsageBits=2304, mId=75890000000d, producer=[30089:com.google.android.youtube], consumer=[30089:com.google.android.youtube])
10-29 22:18:03.674 30089 30532 E BufferQueueProducer: BQDUMPSlots:
10-29 22:18:03.674 30089 30532 E BufferQueueProducer: BQDUMP  [00:0xb4000077bfe53b30] state=DEQUEUED 0xb4000077bfe64b70 frame=11473 [ 640x 360: 640,32315659]
10-29 22:18:03.674 30089 30532 E BufferQueueProducer: BQDUMP  [01:0xb4000077bfea2bb0] state=DEQUEUED 0xb4000077bfeabbb0 frame=11476 [ 640x 360: 640,32315659]
10-29 22:18:03.674 30089 30532 E BufferQueueProducer: BQDUMP  [02:0xb4000077bfe6b650] state=DEQUEUED 0xb4000077bfeb54b0 frame=11480 [ 640x 360: 640,32315659]
10-29 22:18:03.674 30089 30532 E BufferQueueProducer: BQDUMP  [03:0xb4000077bfe5b270] state=DEQUEUED 0xb4000077bfe4c2d0 fram
10-29 22:18:03.674 30089 30532 E BufferQueueProducer: Slots:
10-29 22:18:03.674 30089 30532 E BufferQueueProducer: BQDUMP  [00:0xb4000077bfe53b30] state=DEQUEUED 0xb4000077bfe64b70 frame=11473 [ 640x 360: 640,32315659]
10-29 22:18:03.674 30089 30532 E BufferQueueProducer: BQDUMP  [01:0xb4000077bfea2bb0] state=DEQUEUED 0xb4000077bfeabbb0 frame=11476 [ 640x 360: 640,32315659]
10-29 22:18:03.674 30089 30532 E BufferQueueProducer: BQDUMP  [02:0xb4000077bfe6b650] state=DEQUEUED 0xb4000077bfeb54b0 frame=11480 [ 640x 360: 640,32315659]
10-29 22:18:03.674 30089 30532 E BufferQueueProducer: BQDUMP  [03:0xb4000077bfe5b270] state=DEQUEUED 0xb4000077bfe4c2d0 frame=11481 [ 640x 360: 640,32315659]
10-29 22:18:03.674 30089 30532 E BufferQueueProducer: BQDUMP  [04:0xb4000077bfebac70] state=DEQUEUED 0xb4000077bfeb6230 frame=11482 [ 640x 360: 640,32315659]
10-29 22:18:03.674 30089 30532 E BufferQueueProducer: BQDUMP  [05:0xb4000077bfebc2f0] state=DEQUEUED 0xb4000077bfeb7f70 frame=11483 [ 640x 360: 640,32315659]
10-29 22:18:03.674 30089 30532 E BufferQueueProducer: BQDUMP  [06:0xb4000077bfeb6b30] state=DEQUEUED 0xb4000077bfe5e1b0 frame=11484 [ 640x 360: 640,32315659]
10-29 22:18:03.674 30089 30532 E BufferQueueProducer: BQDUMP  [07:0xb4000077bfec3eb0] state=DEQUEUED 0xb4000077bfe576d0 frame=11485 [ 640x 360: 640,32315659]
10-29 22:18:03.674 30089 30532 E BufferQueueProducer: BQDUMP  [08:0xb4000077bfead230] state=DEQUEUED 0xb4000077bfec52f0 frame=11486 [ 640x 360: 640,32315659]
10-29 22:18:03.674 30089 30532 E BufferQueueProducer: BQDUMP >[09:0xb4000077bfe8c830] state=ACQUIRED 0xb4000077bfea8d90 frame=11488 [ 
10-29 22:18:10.133  1017 23674 E mediaserver: unlinkToDeath: removed reference to death recipient but unlink failed.
10-29 22:18:10.134  1017 23674 E IPCThreadState: attemptIncStrongHandle(12): Not supported
10-29 22:18:57.674 30089 30532 E BufferQueueProducer: BQDUMP- BufferQueue mMaxAcquiredBufferCount=2 mMaxDequeuedBufferCount=21
10-29 22:18:57.674 30089 30532 E BufferQueueProducer: BQDUMP  mDequeueBufferCannotBlock=0 mAsyncMode=0
10-29 22:18:57.674 30089 30532 E BufferQueueProducer: BQDUMP  mQueueBufferCanDrop=0 mLegacyBufferDrop=1
10-29 22:18:57.674 30089 30532 E BufferQueueProducer: BQDUMP  default-size=[640x360] default-format=4 BQDUMP  transform-hint=00 frame-counter=13104
10-29 22:18:57.674 30089 30532 E BufferQueueProducer: BQDUMP  mTransformHintInUse=00 mAutoPrerotation=0
10-29 22:18:57.674 30089 30532 E BufferQueueProducer: BQDUMPFIFO(0):
10-29 22:18:57.674 30089 30532 E BufferQueueProducer: BQDUMP(mConsumerName=SurfaceView[com.google.android.youtube/com.google.android.apps.youtube.app.watchwhile.WatchWhileActivity]#5(BLAST Consumer)5, mConnectedApi=3, mConsumerUsageBits=2304, mId=75890000000d, producer=[30089:com.google.android.youtube], consumer=[30089:com.google.android.youtube])
10-29 22:18:57.674 30089 30532 E BufferQueueProducer: BQDUMPSlots:
10-29 22:18:57.674 30089 30532 E BufferQueueProducer: BQDUMP  [00:0xb4000077bfe53b30] state=DEQUEUED 0xb4000077bfe64b70 frame=13083 [ 640x 360: 640,32315659]
10-29 22:18:57.674 30089 30532 E BufferQueueProducer: BQDUMP  [01:0xb4000077bfea2bb0] state=DEQUEUED 0xb4000077bfeabbb0 frame=13086 [ 640x 360: 640,32315659]
10-29 22:18:57.674 30089 30532 E BufferQueueProducer: BQDUMP  [02:0xb4000077bfe6b650] state=DEQUEUED 0xb4000077bfeb54b0 frame=13090 [ 640x 360: 640,32315659]
10-29 22:18:57.674 30089 30532 E BufferQueueProducer: BQDUMP  [03:0xb4000077bfe5b270] state=DEQUEUED 0xb4000077bfe4c2d0 fram
10-29 22:19:07.674 30089 30532 E BufferQueueProducer: BQDUMP- BufferQueue mMaxAcquiredBufferCount=2 mMaxDequeuedBufferCount=21
10-29 22:19:07.674 30089 30532 E BufferQueueProducer: BQDUMP  mDequeueBufferCannotBlock=0 mAsyncMode=0
10-29 22:19:07.674 30089 30532 E BufferQueueProducer: BQDUMP  mQueueBufferCanDrop=0 mLegacyBufferDrop=1
10-29 22:19:07.674 30089 30532 E BufferQueueProducer: BQDUMP  default-size=[640x360] default-format=4 BQDUMP  transform-hint=00 frame-counter=13403
10-29 22:19:07.674 30089 30532 E BufferQueueProducer: BQDUMP  mTransformHintInUse=00 mAutoPrerotation=0
10-29 22:19:07.674 30089 30532 E BufferQueueProducer: BQDUMPFIFO(0):
10-29 22:19:07.674 30089 30532 E BufferQueueProducer: BQDUMP(mConsumerName=SurfaceView[com.google.android.youtube/com.google.android.apps.youtube.app.watchwhile.WatchWhileActivity]#5(BLAST Consumer)5, mConnectedApi=3, mConsumerUsageBits=2304, mId=75890000000d, producer=[30089:com.google.android.youtube], consumer=[30089:com.google.android.youtube])
10-29 22:19:07.674 30089 30532 E BufferQueueProducer: BQDUMPSlots:
10-29 22:19:07.674 30089 30532 E BufferQueueProducer: BQDUMP  [00:0xb4000077bfe53b30] state=DEQUEUED 0xb4000077bfe64b70 frame=13382 [ 640x 360: 640,32315659]
10-29 22:19:07.674 30089 30532 E BufferQueueProducer: BQDUMP  [01:0xb4000077bfea2bb0] state=DEQUEUED 0xb4000077bfeabbb0 frame=13385 [ 640x 360: 640,32315659]
10-29 22:19:07.674 30089 30532 E BufferQueueProducer: BQDUMP  [02:0xb4000077bfe6b650] state=DEQUEUED 0xb4000077bfeb54b0 frame=13389 [ 640x 360: 640,32315659]
10-29 22:19:07.674 30089 30532 E BufferQueueProducer: BQDUMP  [03:0xb4000077bfe5b270] state=DEQUEUED 0xb4000077bfe4c2d0 fram
10-29 22:19:07.674 30089 30532 E BufferQueueProducer: Slots:
10-29 22:19:07.674 30089 30532 E BufferQueueProducer: BQDUMP  [00:0xb4000077bfe53b30] state=DEQUEUED 0xb4000077bfe64b70 frame=13382 [ 640x 360: 640,32315659]
10-29 22:19:07.674 30089 30532 E BufferQueueProducer: BQDUMP  [01:0xb4000077bfea2bb0] state=DEQUEUED 0xb4000077bfeabbb0 frame=13385 [ 640x 360: 640,32315659]
10-29 22:19:07.674 30089 30532 E BufferQueueProducer: BQDUMP  [02:0xb4000077bfe6b650] state=DEQUEUED 0xb4000077bfeb54b0 frame=13389 [ 640x 360: 640,32315659]
10-29 22:19:07.674 30089 30532 E BufferQueueProducer: BQDUMP  [03:0xb4000077bfe5b270] state=DEQUEUED 0xb4000077bfe4c2d0 frame=13390 [ 640x 360: 640,32315659]
10-29 22:19:07.674 30089 30532 E BufferQueueProducer: BQDUMP  [04:0xb4000077bfebac70] state=DEQUEUED 0xb4000077bfeb6230 frame=13391 [ 640x 360: 640,32315659]
10-29 22:19:07.674 30089 30532 E BufferQueueProducer: BQDUMP  [05:0xb4000077bfebc2f0] state=DEQUEUED 0xb4000077bfeb7f70 frame=13392 [ 640x 360: 640,32315659]
10-29 22:19:07.674 30089 30532 E BufferQueueProducer: BQDUMP  [06:0xb4000077bfeb6b30] state=DEQUEUED 0xb4000077bfe5e1b0 frame=13393 [ 640x 360: 640,32315659]
10-29 22:19:07.674 30089 30532 E BufferQueueProducer: BQDUMP  [07:0xb4000077bfec3eb0] state=DEQUEUED 0xb4000077bfe576d0 frame=13394 [ 640x 360: 640,32315659]
10-29 22:19:07.674 30089 30532 E BufferQueueProducer: BQDUMP  [08:0xb4000077bfead230] state=DEQUEUED 0xb4000077bfec52f0 frame=13395 [ 640x 360: 640,32315659]
10-29 22:19:07.674 30089 30532 E BufferQueueProducer: BQDUMP  [09:0xb4000077bfe8c830] state=DEQUEUED 0xb4000077bfea8d90 frame=13398 [ 
10-29 22:19:16.983 30089 30532 E BufferQueueProducer: BQDUMP  [09:0xb4000077bfe8c830] state=DEQUEUED 0xb4000077bfea8d90 frame=13674 [ 
10-29 22:19:17.055 30089 30532 E BufferQueueProducer: BQDUMP  [09:0xb4000077bfe8c830] state=DEQUEUED 0xb4000077bfea8d90 frame=13674 [ 
10-29 22:19:17.154 30089 30532 E BufferQueueProducer: BQDUMP  [09:0xb4000077bfe8c830] state=DEQUEUED 0xb4000077bfea8d90 frame=13674 [ 
10-29 22:19:17.185 30089 30532 E BufferQueueProducer: BQDUMP  [09:0xb4000077bfe8c830] state=DEQUEUED 0xb4000077bfea8d90 frame=13674 [ 
10-29 22:19:17.221 30089 30532 E BufferQueueProducer: BQDUMP  [09:0xb4000077bfe8c830] state=DEQUEUED 0xb4000077bfea8d90 frame=13674 [ 
10-29 22:20:13.674 30089 30532 E BufferQueueProducer: BQDUMP- BufferQueue mMaxAcquiredBufferCount=2 mMaxDequeuedBufferCount=21
10-29 22:20:13.674 30089 30532 E BufferQueueProducer: BQDUMP  mDequeueBufferCannotBlock=0 mAsyncMode=0
10-29 22:20:13.674 30089 30532 E BufferQueueProducer: BQDUMP  mQueueBufferCanDrop=0 mLegacyBufferDrop=1
10-29 22:20:13.674 30089 30532 E BufferQueueProducer: BQDUMP  default-size=[640x360] default-format=4 BQDUMP  transform-hint=00 frame-counter=15375
10-29 22:20:13.674 30089 30532 E BufferQueueProducer: BQDUMP  mTransformHintInUse=00 mAutoPrerotation=0
10-29 22:20:13.674 30089 30532 E BufferQueueProducer: BQDUMPFIFO(0):
10-29 22:20:13.674 30089 30532 E BufferQueueProducer: BQDUMP(mConsumerName=SurfaceView[com.google.android.youtube/com.google.android.apps.youtube.app.watchwhile.WatchWhileActivity]#5(BLAST Consumer)5, mConnectedApi=3, mConsumerUsageBits=2304, mId=75890000000d, producer=[30089:com.google.android.youtube], consumer=[30089:com.google.android.youtube])
10-29 22:20:13.674 30089 30532 E BufferQueueProducer: BQDUMPSlots:
10-29 22:20:13.674 30089 30532 E BufferQueueProducer: BQDUMP  [00:0xb4000077bfe53b30] state=DEQUEUED 0xb4000077bfe64b70 frame=15360 [ 640x 360: 640,32315659]
10-29 22:20:13.674 30089 30532 E BufferQueueProducer: BQDUMP  [01:0xb4000077bfea2bb0] state=DEQUEUED 0xb4000077bfeabbb0 frame=15362 [ 640x 360: 640,32315659]
10-29 22:20:13.674 30089 30532 E BufferQueueProducer: BQDUMP  [02:0xb4000077bfe6b650] state=DEQUEUED 0xb4000077bfeb54b0 frame=15367 [ 640x 360: 640,32315659]
10-29 22:20:13.674 30089 30532 E BufferQueueProducer: BQDUMP  [03:0xb4000077bfe5b270] state=DEQUEUED 0xb4000077bfe4c2d0 fram
10-29 22:20:23.680 30089 30532 E BufferQueueProducer: BQDUMP  default-size=[640x360] default-format=4 BQDUMP  transform-hint=00 frame-counter=15674
10-29 22:20:53.193   704   818 I libPowerHal: [perfLockAcq] idx:0 hdl:56674 hint:25 pid:704 duration:10000 lock_user:mtkpower@1.0-se => ret_hdl:56674
10-29 22:20:53.241   704   818 I libPowerHal: [perfLockRel] hdl:56674, idx:0
10-29 22:20:57.142 30089 30532 E BufferQueueProducer: BQDUMP  default-size=[640x360] default-format=4 BQDUMP  transform-hint=00 frame-counter=16674
10-29 22:20:59.548 30089 30532 E BufferQueueProducer: BQDUMP  default-size=[640x360] default-format=4 BQDUMP  transform-hint=00 frame-counter=16746
10-29 22:20:59.548 30089 30532 E BufferQueueProducer: BQDUMP  [00:0xb4000077bfe53b30] state=DEQUEUED 0xb4000077bfe64b70 frame=16740 [ 640x 360: 640,32315659]
10-29 22:20:59.548 30089 30532 E BufferQueueProducer: BQDUMP  [01:0xb4000077bfea2bb0] state=DEQUEUED 0xb4000077bfeabbb0 frame=16742 [ 640x 360: 640,32315659]
10-29 22:20:59.548 30089 30532 E BufferQueueProducer: BQDUMP  [00:0xb4000077bfe53b30] state=DEQUEUED 0xb4000077bfe64b70 frame=16740 [ 640x 360: 640,32315659]
10-29 22:20:59.548 30089 30532 E BufferQueueProducer: BQDUMP  [01:0xb4000077bfea2bb0] state=DEQUEUED 0xb4000077bfeabbb0 frame=16742 [ 640x 360: 640,32315659]
10-29 22:20:59.852 30089 30532 E BufferQueueProducer: BQDUMP  [00:0xb4000077bfe53b30] state=DEQUEUED 0xb4000077bfe64b70 frame=16740 [ 640x 360: 640,32315659]
10-29 22:20:59.852 30089 30532 E BufferQueueProducer: BQDUMP  [01:0xb4000077bfea2bb0] state=DEQUEUED 0xb4000077bfeabbb0 frame=16742 [ 640x 360: 640,32315659]
10-29 22:20:59.852 30089 30532 E BufferQueueProducer: BQDUMP  [02:0xb4000077bfe6b650] state=DEQUEUED 0xb4000077bfeb54b0 frame=16747 [ 640x 360: 640,32315659]
10-29 22:20:59.852 30089 30532 E BufferQueueProducer: BQDUMP  [00:0xb4000077bfe53b30] state=DEQUEUED 0xb4000077bfe64b70 frame=16740 [ 640x 360: 640,32315659]
10-29 22:20:59.852 30089 30532 E BufferQueueProducer: BQDUMP  [01:0xb4000077bfea2bb0] state=DEQUEUED 0xb4000077bfeabbb0 frame=16742 [ 640x 360: 640,32315659]
10-29 22:20:59.852 30089 30532 E BufferQueueProducer: BQDUMP  [02:0xb4000077bfe6b650] state=DEQUEUED 0xb4000077bfeb54b0 frame=16747 [ 640x 360: 640,32315659]
10-29 22:20:59.852 30089 30532 E BufferQueueProducer: BQDUMP  [03:0xb4000077bfe5b270] state=DEQUEUED 0xb4000077bfe4c2d0 frame=16748 [ 640x 360: 640,32315659]
10-29 22:20:59.852 30089 30532 E BufferQueueProducer: BQDUMP  [05:0xb4000077bfebc2f0] state=DEQUEUED 0xb4000077bfeb7f70 frame=16749 [ 640x 360: 640,32315659]
10-29 22:20:59.951 30089 30532 E BufferQueueProducer: BQDUMP  [00:0xb4000077bfe53b30] state=DEQUEUED 0xb4000077bfe64b70 frame=16740 [ 640x 360: 640,32315659]
10-29 22:20:59.951 30089 30532 E BufferQueueProducer: BQDUMP  [01:0xb4000077bfea2bb0] state=DEQUEUED 0xb4000077bfeabbb0 frame=16742 [ 640x 360: 640,32315659]
10-29 22:20:59.951 30089 30532 E BufferQueueProducer: BQDUMP  [02:0xb4000077bfe6b650] state=DEQUEUED 0xb4000077bfeb54b0 frame=16747 [ 640x 360: 640,32315659]
10-29 22:20:59.952 30089 30532 E BufferQueueProducer: BQDUMP  [00:0xb4000077bfe53b30] state=DEQUEUED 0xb4000077bfe64b70 frame=16740 [ 640x 360: 640,32315659]
10-29 22:20:59.952 30089 30532 E BufferQueueProducer: BQDUMP  [01:0xb4000077bfea2bb0] state=DEQUEUED 0xb4000077bfeabbb0 frame=16742 [ 640x 360: 640,32315659]
10-29 22:20:59.952 30089 30532 E BufferQueueProducer: BQDUMP  [02:0xb4000077bfe6b650] state=DEQUEUED 0xb4000077bfeb54b0 frame=16747 [ 640x 360: 640,32315659]
10-29 22:20:59.952 30089 30532 E BufferQueueProducer: BQDUMP  [03:0xb4000077bfe5b270] state=DEQUEUED 0xb4000077bfe4c2d0 frame=16748 [ 640x 360: 640,32315659]
10-29 22:20:59.952 30089 30532 E BufferQueueProducer: BQDUMP  [05:0xb4000077bfebc2f0] state=DEQUEUED 0xb4000077bfeb7f70 frame=16749 [ 640x 360: 640,32315659]
10-29 22:20:59.981 30089 30532 E BufferQueueProducer: BQDUMP  [00:0xb4000077bfe53b30] state=DEQUEUED 0xb4000077bfe64b70 frame=16740 [ 640x 360: 640,32315659]
10-29 22:20:59.981 30089 30532 E BufferQueueProducer: BQDUMP  [01:0xb4000077bfea2bb0] state=DEQUEUED 0xb4000077bfeabbb0 frame=16742 [ 640x 360: 640,32315659]
10-29 22:20:59.981 30089 30532 E BufferQueueProducer: BQDUMP  [02:0xb4000077bfe6b650] state=DEQUEUED 0xb4000077bfeb54b0 frame=16747 [ 640x 360: 640,32315659]
10-29 22:20:59.981 30089 30532 E BufferQueueProducer: BQDUMP  [00:0xb4000077bfe53b30] state=DEQUEUED 0xb4000077bfe64b70 frame=16740 [ 640x 360: 640,32315659]
10-29 22:20:59.981 30089 30532 E BufferQueueProducer: BQDUMP  [01:0xb4000077bfea2bb0] state=DEQUEUED 0xb4000077bfeabbb0 frame=16742 [ 640x 360: 640,32315659]
10-29 22:20:59.981 30089 30532 E BufferQueueProducer: BQDUMP  [02:0xb4000077bfe6b650] state=DEQUEUED 0xb4000077bfeb54b0 frame=16747 [ 640x 360: 640,32315659]
10-29 22:20:59.981 30089 30532 E BufferQueueProducer: BQDUMP  [03:0xb4000077bfe5b270] state=DEQUEUED 0xb4000077bfe4c2d0 frame=16748 [ 640x 360: 640,32315659]
10-29 22:20:59.981 30089 30532 E BufferQueueProducer: BQDUMP  [05:0xb4000077bfebc2f0] state=DEQUEUED 0xb4000077bfeb7f70 frame=16749 [ 640x 360: 640,32315659]
10-29 22:21:00.026 30089 30532 E BufferQueueProducer: BQDUMP  [00:0xb4000077bfe53b30] state=DEQUEUED 0xb4000077bfe64b70 frame=16740 [ 640x 360: 640,32315659]
10-29 22:21:00.026 30089 30532 E BufferQueueProducer: BQDUMP  [01:0xb4000077bfea2bb0] state=DEQUEUED 0xb4000077bfeabbb0 frame=16742 [ 640x 360: 640,32315659]
10-29 22:21:00.026 30089 30532 E BufferQueueProducer: BQDUMP  [02:0xb4000077bfe6b650] state=DEQUEUED 0xb4000077bfeb54b0 frame=16747 [ 640x 360: 640,32315659]
10-29 22:21:00.026 30089 30532 E BufferQueueProducer: BQDUMP  [00:0xb4000077bfe53b30] state=DEQUEUED 0xb4000077bfe64b70 frame=16740 [ 640x 360: 640,32315659]
10-29 22:21:00.026 30089 30532 E BufferQueueProducer: BQDUMP  [01:0xb4000077bfea2bb0] state=DEQUEUED 0xb4000077bfeabbb0 frame=16742 [ 640x 360: 640,32315659]
10-29 22:21:00.026 30089 30532 E BufferQueueProducer: BQDUMP  [02:0xb4000077bfe6b650] state=DEQUEUED 0xb4000077bfeb54b0 frame=16747 [ 640x 360: 640,32315659]
10-29 22:21:00.026 30089 30532 E BufferQueueProducer: BQDUMP  [03:0xb4000077bfe5b270] state=DEQUEUED 0xb4000077bfe4c2d0 frame=16748 [ 640x 360: 640,32315659]
10-29 22:21:00.026 30089 30532 E BufferQueueProducer: BQDUMP  [05:0xb4000077bfebc2f0] state=DEQUEUED 0xb4000077bfeb7f70 frame=16749 [ 640x 360: 640,32315659]
10-29 22:21:00.379 30089 30532 E BufferQueueProducer: BQDUMP  [05:0xb4000077bfebc2f0] state=DEQUEUED 0xb4000077bfeb7f70 frame=16749 [ 640x 360: 640,32315659]
10-29 22:21:07.716  1017 23674 E mediaserver: unlinkToDeath: removed reference to death recipient but unlink failed.
10-29 22:21:07.717  1017 23674 E IPCThreadState: attemptIncStrongHandle(15): Not supported
10-29 22:21:12.182   704   818 I libPowerHal: [perfLockAcq] idx:0 hdl:56740 hint:1150 pid:735 duration:2000 lock_user:vperf@1.0-servi => ret_hdl:56740
10-29 22:21:12.189   704   818 I libPowerHal: [perfLockAcq] idx:1 hdl:56741 hint:11 pid:704 duration:30000 lock_user:mtkpower@1.0-se => ret_hdl:56741
10-29 22:21:12.212   704   818 I libPowerHal: [perfLockAcq] idx:2 hdl:56742 hint:1160 pid:735 duration:400 lock_user:vperf@1.0-servi => ret_hdl:56742
10-29 22:21:12.445   704   818 I libPowerHal: [perfLockAcq] idx:3 hdl:56743 hint:1159 pid:735 duration:150 lock_user:vperf@1.0-servi => ret_hdl:56743
10-29 22:21:12.445   735   735 I mtkpower_client: perf_lock_rel, hdl:56740, tid:735
10-29 22:21:12.446   704   818 I libPowerHal: [perfLockRel] hdl:56740, idx:0
10-29 22:21:12.596   704   818 I mtkpower@impl: [powerd_req] TIMER_MSG_PERF_LOCK_TIMEOUT hdl:56743
10-29 22:21:12.596   704   818 I libPowerHal: [perfLockRel] hdl:56743, idx:3
10-29 22:21:12.612   704   818 I mtkpower@impl: [powerd_req] TIMER_MSG_PERF_LOCK_TIMEOUT hdl:56742
10-29 22:21:12.612   704   818 I libPowerHal: [perfLockRel] hdl:56742, idx:2
10-29 22:21:12.615   735 32060 I mtkpower_client: perf_lock_rel, hdl:56743, tid:32060
10-29 22:21:12.616   704   818 I libPowerHal: [perfLockRel] hdl:56743, idx:-1
10-29 22:21:12.632   735 32056 I mtkpower_client: perf_lock_rel, hdl:56742, tid:32056
10-29 22:21:12.633   704   818 I libPowerHal: [perfLockRel] hdl:56742, idx:-1
10-29 22:21:16.612   674 25114 E AudioALSAPlaybackHandlerBase: -getHardwareBufferInfo(), pcm_get_htimestamp fail, ret = -1, pcm_get_error =  flag = 0x8
10-29 22:21:22.224   704   818 I libPowerHal: [perfLockRel] hdl:56741, idx:1
10-29 22:21:27.860   704   818 I libPowerHal: [perfLockAcq] idx:0 hdl:56744 hint:25 pid:704 duration:10000 lock_user:mtkpower@1.0-se => ret_hdl:56744
10-29 22:21:27.953   704   818 I libPowerHal: [perfLockRel] hdl:56744, idx:0
10-29 22:21:28.005   704   818 I libPowerHal: [perfLockAcq] idx:0 hdl:56745 hint:1160 pid:735 duration:500 lock_user:vperf@1.0-servi => ret_hdl:56745
10-29 22:21:28.033   704   818 I libPowerHal: [perfLockAcq] idx:1 hdl:56746 hint:1159 pid:735 duration:150 lock_user:vperf@1.0-servi => ret_hdl:56746
10-29 22:21:28.183   704   818 I mtkpower@impl: [powerd_req] TIMER_MSG_PERF_LOCK_TIMEOUT hdl:56746
10-29 22:21:28.183   704   818 I libPowerHal: [perfLockRel] hdl:56746, idx:1
10-29 22:21:28.204   735 32133 I mtkpower_client: perf_lock_rel, hdl:56746, tid:32133
10-29 22:21:28.204   704   818 I libPowerHal: [perfLockRel] hdl:56746, idx:-1
10-29 22:21:28.507   704   818 I mtkpower@impl: [powerd_req] TIMER_MSG_PERF_LOCK_TIMEOUT hdl:56745
10-29 22:21:28.507   704   818 I libPowerHal: [perfLockRel] hdl:56745, idx:0
10-29 22:21:28.526   735 32131 I mtkpower_client: perf_lock_rel, hdl:56745, tid:32131
10-29 22:21:28.527   704   818 I libPowerHal: [perfLockRel] hdl:56745, idx:-1
10-29 22:21:29.177   704   818 I libPowerHal: [perfLockAcq] idx:0 hdl:56747 hint:25 pid:704 duration:10000 lock_user:mtkpower@1.0-se => ret_hdl:56747
10-29 22:21:29.258   704   818 I libPowerHal: [perfLockRel] hdl:56747, idx:0
10-29 22:21:33.843   704   818 I libPowerHal: [perfLockAcq] idx:0 hdl:56748 hint:25 pid:704 duration:10000 lock_user:mtkpower@1.0-se => ret_hdl:56748
10-29 22:21:33.895   704   818 I libPowerHal: [perfLockRel] hdl:56748, idx:0
10-29 22:21:33.924   704   818 I libPowerHal: [perfLockAcq] idx:0 hdl:56749 hint:1150 pid:735 duration:2000 lock_user:vperf@1.0-servi => ret_hdl:56749
10-29 22:21:34.147   735   735 I mtkpower_client: perf_lock_rel, hdl:56749, tid:735
10-29 22:21:34.149   704   818 I libPowerHal: [perfLockRel] hdl:56749, idx:0
10-29 22:21:45.917   674  6167 E AudioALSAPlaybackHandlerBase: -getHardwareBufferInfo(), pcm_get_htimestamp fail, ret = -1, pcm_get_error =  flag = 0x6
10-29 22:21:45.923   674  6167 E AudioALSAPlaybackHandlerBase: -getHardwareBufferInfo(), pcm_get_htimestamp fail, ret = -1, pcm_get_error =  flag = 0x6
10-29 22:22:01.674   738 13459 D APM_AudioPolicyManager: listAudioPorts mAvailableOutputDevices 0x80000004 , 0x80000040 , 0x80000080 , 0x80000100 , 0x80002000 , 0x90000000
10-29 22:22:01.674   738 13459 D APM_AudioPolicyManager: listAudioPorts mAvailableOutputDevices 0x80000004 , 0x80000040 , 0x80000080 , 0x80000100 , 0x80002000 , 0x90000000
10-29 22:22:41.901   674  6167 E AudioALSAPlaybackHandlerBase: -getHardwareBufferInfo(), pcm_get_htimestamp fail, ret = -1, pcm_get_error =  flag = 0x6
10-29 22:22:41.907   674  6167 E AudioALSAPlaybackHandlerBase: -getHardwareBufferInfo(), pcm_get_htimestamp fail, ret = -1, pcm_get_error =  flag = 0x6
10-29 22:22:58.674   704   818 I libPowerHal: [perfLockRel] hdl:56869, idx:0
10-29 22:23:59.674   704   818 I libPowerHal: [perfLockAcq] idx:2 hdl:56985 hint:1159 pid:735 duration:400 lock_user:vperf@1.0-servi => ret_hdl:56985
10-29 22:24:05.674   996  1292 E fb4a.X.4e4: Job failed with an exception, stack: 
10-29 22:24:05.674   996  1292 E fb4a.X.4e4: X.5JL: too_early_for_training
10-29 22:24:05.674   996  1292 E fb4a.X.4e4: 	at X.5J6.invoke(Unknown Source:363)
10-29 22:24:05.674   996  1292 E fb4a.X.4e4: 	at X.4mX.A00(Unknown Source:39)
10-29 22:24:05.674   996  1292 E fb4a.X.4e4: 	at kotlin.jvm.internal.KtLambdaShape2S0110000_I1.invoke(Unknown Source:56)
10-29 22:24:05.674   996  1292 E fb4a.X.4e4: 	at X.4mX.A00(Unknown Source:39)
10-29 22:24:05.674   996  1292 E fb4a.X.4e4: 	at X.4ea.A03(Unknown Source:17)
10-29 22:24:05.674   996  1292 E fb4a.X.4e4: 	at com.facebook.dcp.scheduler.fb4a.FbDcpWorker.A05(Unknown Source:50)
10-29 22:24:05.674   996  1292 E fb4a.X.4e4: 	at X.0Os.run(:2)
10-29 22:24:05.674   996  1292 E fb4a.X.4e4: 	at java.util.concurrent.ThreadPoolExecutor.runWorker(ThreadPoolExecutor.java:1137)
10-29 22:24:05.674   996  1292 E fb4a.X.4e4: 	at java.util.concurrent.ThreadPoolExecutor$Worker.run(ThreadPoolExecutor.java:637)
10-29 22:24:05.674   996  1292 E fb4a.X.4e4: 	at java.lang.Thread.run(Thread.java:1012)
10-29 22:24:09.674  1781  1839 E VgcUtil : getFile name :theme_dir_pathnot exit in vgc_path_config.xml
10-29 22:24:32.674   738 19214 D APM_AudioPolicyManager: listAudioPorts mAvailableOutputDevices 0x80000004 , 0x80000040 , 0x80000080 , 0x80000100 , 0x80002000 , 0x90000000
10-29 22:24:45.340   735  1674 I mtkpower_client: perf_lock_rel, hdl:57044, tid:1674
10-29 22:25:26.674   704   818 I libPowerHal: [perfLockRel] hdl:57113, idx:-1
10-29 22:25:49.674   704   818 I libPowerHal: [PE] MTKPOWER_HINT_APP_TOUCH update cmd:3408600 param:1
10-29 22:26:57.674   735  2037 I mtkpower_client: perf_lock_rel, hdl:57382, tid:2037
10-29 22:27:34.674   738  1061 D APM_AudioPolicyManager: startOutput() output 13, stream 5, session 9505
10-29 22:27:38.674   429   429 E SELinux : avc:  denied  { find } for interface=vendor.vivo.hardware.vperf::IVPerf sid=u:r:untrusted_app:s0:c226,c256,c512,c768 pid=29485 scontext=u:r:untrusted_app:s0:c226,c256,c512,c768 tcontext=u:object_r:hal_vperf_hwservice:s0 tclass=hwservice_manager permissive=0
